******************************************************************************
                  TI ARM Linker PC v20.2.5                     
******************************************************************************
>> Linked Fri May 13 14:53:32 2022

OUTPUT FILE NAME:   <waves.out>
ENTRY POINT SYMBOL: "_c_int00_noargs"  address: 00002ff9


MEMORY CONFIGURATION

         name            origin    length      used     unused   attr    fill
----------------------  --------  ---------  --------  --------  ----  --------
  FLASH                 00000000   00100000  00004810  000fb7f0  R  X
  SRAM                  20000000   00040000  0002441a  0001bbe6  RW X


SEGMENT ALLOCATION MAP

run origin  load origin   length   init length attrs members
----------  ----------- ---------- ----------- ----- -------
00000000    00000000    00004810   00004810    r-x
  00000000    00000000    00000208   00000208    r-- .intvecs
  00000208    00000208    00002fc8   00002fc8    r-x .text
  000031d0    000031d0    00001610   00001610    r-- .const
  000047e0    000047e0    00000030   00000030    r-- .cinit
20000000    20000000    0002441a   00000000    rw-
  20000000    20000000    00020000   00000000    rw- .stack
  20020000    20020000    00004408   00000000    rw- .bss
  20024408    20024408    00000012   00000000    rw- .data


SECTION ALLOCATION MAP

 output                                  attributes/
section   page    origin      length       input sections
--------  ----  ----------  ----------   ----------------
.intvecs   0    00000000    00000208     
                  00000000    00000208     startup_msp432e401y_ccs.obj (.intvecs:retain)

.text      0    00000208    00002fc8     
                  00000208    00000628     waves.obj (.text)
                  00000830    000004dc     uartstdio.obj (.text)
                  00000d0c    000004b6     arm_cortexM4lf_math.a : arm_cfft_radix4_q15.o (.text:arm_radix4_butterfly_inverse_q15)
                  000011c2    00000002     rtsv7M4_T_le_v4SPD16_eabi.lib : div0.asm.obj (.text)
                  000011c4    000004b6     arm_cortexM4lf_math.a : arm_cfft_radix4_q15.o (.text:arm_radix4_butterfly_q15)
                  0000167a    00000002     --HOLE-- [fill = 0]
                  0000167c    000002e0     msp432e4_driverlib.a : sysctl.o (.text:SysCtlClockFreqSet)
                  0000195c    00000284     adc.obj (.text)
                  00001be0    0000023a     msp432e4_driverlib.a : gpio.o (.text:GPIOPadConfigSet)
                  00001e1a    000001b6     rtsv7M4_T_le_v4SPD16_eabi.lib : fd_add_t2.asm.obj (.text)
                  00001fd0    00000190     arm_cortexM4lf_math.a : arm_cfft_q15.o (.text:arm_cfft_radix4by2_inverse_q15)
                  00002160    00000190                           : arm_cfft_q15.o (.text:arm_cfft_radix4by2_q15)
                  000022f0    00000158     rtsv7M4_T_le_v4SPD16_eabi.lib : e_sqrt.c.obj (.text:sqrt)
                  00002448    00000136                                   : fd_div_t2.asm.obj (.text)
                  0000257e    00000002     --HOLE-- [fill = 0]
                  00002580    0000011c     system_msp432e401y.obj (.text)
                  0000269c    000000fc     rtsv7M4_T_le_v4SPD16_eabi.lib : fd_mul_t2.asm.obj (.text)
                  00002798    000000ee     msp432e4_driverlib.a : adc.o (.text:ADCSequenceStepConfigure)
                  00002886    000000e8     arm_cortexM4lf_math.a : arm_cfft_q15.o (.text:arm_cfft_q15)
                  0000296e    000000c0                           : arm_bitreversal2.o (.text)
                  00002a2e    00000002     --HOLE-- [fill = 0]
                  00002a30    000000a0     gpio.obj (.text)
                  00002ad0    0000009c     rtsv7M4_T_le_v4SPD16_eabi.lib : memcpy_t2.asm.obj (.text)
                  00002b6c    00000090     msp432e4_driverlib.a : sysctl.o (.text:_SysCtlFrequencyGet)
                  00002bfc    0000007a     rtsv7M4_T_le_v4SPD16_eabi.lib : memset_t2.asm.obj (.text)
                  00002c76    0000006e                                   : fd_tos_t2.asm.obj (.text)
                  00002ce4    00000068                                   : copy_decompress_lzss.c.obj (.text:decompress:lzss:__TI_decompress_lzss)
                  00002d4c    00000068     uart.obj (.text)
                  00002db4    00000060     msp432e4_driverlib.a : timer.o (.text:TimerControlTrigger)
                  00002e14    00000058     systemClock.obj (.text)
                  00002e6c    00000048     rtsv7M4_T_le_v4SPD16_eabi.lib : fd_toi_t2.asm.obj (.text)
                  00002eb4    00000044     msp432e4_driverlib.a : sysctl.o (.text:SysCtlPeripheralReady)
                  00002ef8    00000044                          : sysctl.o (.text:_SysCtlMemTimingGet)
                  00002f3c    00000044     rtsv7M4_T_le_v4SPD16_eabi.lib : autoinit.c.obj (.text:__TI_auto_init_nobinit_nopinit:__TI_auto_init_nobinit_nopinit)
                  00002f80    00000040                                   : u_divt2.asm.obj (.text)
                  00002fc0    00000038                                   : fs_tod_t2.asm.obj (.text)
                  00002ff8    00000034                                   : boot_cortex_m.c.obj (.text:_c_int00_noargs:_c_int00_noargs)
                  0000302c    00000034     main.obj (.text)
                  00003060    0000002e     rtsv7M4_T_le_v4SPD16_eabi.lib : i_tofd_t2.asm.obj (.text)
                  0000308e    00000002     --HOLE-- [fill = 0]
                  00003090    00000028                                   : e_sqrtf.c.obj (.text:sqrtf)
                  000030b8    00000022     arm_cortexM4lf_math.a : arm_cfft_q15.o (.text:write_q15x2_ia)
                  000030da    00000022                           : arm_cfft_radix4_q15.o (.text:write_q15x2_ia)
                  000030fc    0000001e                           : arm_cfft_q15.o (.text:read_q15x2_ia)
                  0000311a    0000001e                           : arm_cfft_radix4_q15.o (.text:read_q15x2_ia)
                  00003138    00000018                           : arm_cfft_radix4_q15.o (.text:write_q15x2)
                  00003150    00000014                           : arm_cfft_q15.o (.text:read_q15x2)
                  00003164    00000014                           : arm_cfft_radix4_q15.o (.text:read_q15x2)
                  00003178    00000012     msp432e4_driverlib.a : adc.o (.text:ADCIntClearEx)
                  0000318a    0000000e     rtsv7M4_T_le_v4SPD16_eabi.lib : copy_decompress_none.c.obj (.text:decompress:none:__TI_decompress_none)
                  00003198    0000000e     startup_msp432e401y_ccs.obj (.text)
                  000031a6    00000002     --HOLE-- [fill = 0]
                  000031a8    0000000c     msp432e4_driverlib.a : systick.o (.text:SysTickValueGet)
                  000031b4    0000000c     rtsv7M4_T_le_v4SPD16_eabi.lib : copy_zero_init.c.obj (.text:decompress:ZI:__TI_zero_init)
                  000031c0    00000008                                   : errno.c.obj (.text:__aeabi_errno_addr)
                  000031c8    00000004                                   : pre_init.c.obj (.text:_system_pre_init)
                  000031cc    00000004                                   : exit.c.obj (.text:abort:abort)

.const     0    000031d0    00001610     
                  000031d0    00000c00     arm_cortexM4lf_math.a : arm_common_tables.o (.const:twiddleCoef_1024_q15)
                  00003dd0    000007c0                           : arm_common_tables.o (.const:armBitRevIndexTable_fixed_1024)
                  00004590    000001b0     msp432e4_driverlib.a : sysctl.o (.const:g_pppui32XTALtoVCO)
                  00004740    00000030                          : sysctl.o (.const:g_sXTALtoMEMTIM)
                  00004770    00000028                          : sysctl.o (.const:g_pui32Xtals)
                  00004798    00000012     uartstdio.obj (.const:.string)
                  000047aa    00000002     --HOLE-- [fill = 0]
                  000047ac    00000010     arm_cortexM4lf_math.a : arm_const_structs.o (.const:arm_cfft_sR_q15_len1024)
                  000047bc    0000000c     uartstdio.obj (.const:g_ui32UARTBase)
                  000047c8    0000000c     uartstdio.obj (.const:g_ui32UARTPeriph)
                  000047d4    00000008     msp432e4_driverlib.a : sysctl.o (.const:g_pui32VCOFrequencies)
                  000047dc    00000004     uartstdio.obj (.const)

.cinit     0    000047e0    00000030     
                  000047e0    0000000c     (__TI_handler_table)
                  000047ec    0000000b     (.cinit..data.load) [load image, compression = lzss]
                  000047f7    00000001     --HOLE-- [fill = 0]
                  000047f8    00000008     (.cinit..bss.load) [load image, compression = zero_init]
                  00004800    00000010     (__TI_cinit_table)

.init_array 
*          0    00000000    00000000     UNINITIALIZED

.bss       0    20020000    00004408     UNINITIALIZED
                  20020000    00001000     (.common:dstBufferA)
                  20021000    00001000     (.common:dstBufferB)
                  20022000    00001000     (.common:fftOutput)
                  20023000    00001000     (.common:magBuffer)
                  20024000    00000400     (.common:pui8ControlTable)
                  20024400    00000004     (.common:setFFTmaxFreqIndex)
                  20024404    00000004     (.common:systemClock)

.data      0    20024408    00000012     UNINITIALIZED
                  20024408    00000005     uartstdio.obj (.data)
                  2002440d    00000002     adc.obj (.data)
                  2002440f    00000001     --HOLE--
                  20024410    00000004     rtsv7M4_T_le_v4SPD16_eabi.lib : errno.c.obj (.data)
                  20024414    00000004     system_msp432e401y.obj (.data)
                  20024418    00000002     waves.obj (.data)

.stack     0    20000000    00020000     UNINITIALIZED
                  20000000    00000004     rtsv7M4_T_le_v4SPD16_eabi.lib : boot_cortex_m.c.obj (.stack)
                  20000004    0001fffc     --HOLE--

__llvm_prf_cnts 
*          0    20000000    00000000     UNINITIALIZED

MODULE SUMMARY

       Module                        code    ro data   rw data
       ------                        ----    -------   -------
    .\ccs\
       startup_msp432e401y_ccs.obj   14      520       0      
       system_msp432e401y.obj        284     0         4      
    +--+-----------------------------+-------+---------+---------+
       Total:                        298     520       4      
                                                              
    .\src\
       adc.obj                       644     0         9218   
       waves.obj                     1576    0         8198   
       uartstdio.obj                 1244    46        5      
       gpio.obj                      160     0         0      
       uart.obj                      104     0         0      
       systemClock.obj               88      0         4      
       main.obj                      52      0         0      
    +--+-----------------------------+-------+---------+---------+
       Total:                        3868    46        17425  
                                                              
    C:/ti/simplelink_msp432e4_sdk_4_20_00_12/source/third_party/CMSIS/DSP_Lib/lib/ccs/m4f/arm_cortexM4lf_math.a
       arm_common_tables.o           0       5056      0      
       arm_cfft_radix4_q15.o         2520    0         0      
       arm_cfft_q15.o                1116    0         0      
       arm_bitreversal2.o            192     0         0      
       arm_const_structs.o           0       16        0      
    +--+-----------------------------+-------+---------+---------+
       Total:                        3828    5072      0      
                                                              
    C:/ti/simplelink_msp432e4_sdk_4_20_00_12/source/ti/devices/msp432e4/driverlib/lib/ccs/m4f/msp432e4_driverlib.a
       sysctl.o                      1016    528       0      
       gpio.o                        570     0         0      
       adc.o                         256     0         0      
       timer.o                       96      0         0      
       systick.o                     12      0         0      
    +--+-----------------------------+-------+---------+---------+
       Total:                        1950    528       0      
                                                              
    C:\ti\ccs1100\ccs\tools\compiler\ti-cgt-arm_20.2.5.LTS\lib\rtsv7M4_T_le_v4SPD16_eabi.lib
       fd_add_t2.asm.obj             438     0         0      
       e_sqrt.c.obj                  344     0         0      
       fd_div_t2.asm.obj             310     0         0      
       fd_mul_t2.asm.obj             252     0         0      
       memcpy_t2.asm.obj             156     0         0      
       memset_t2.asm.obj             122     0         0      
       fd_tos_t2.asm.obj             110     0         0      
       copy_decompress_lzss.c.obj    104     0         0      
       fd_toi_t2.asm.obj             72      0         0      
       autoinit.c.obj                68      0         0      
       u_divt2.asm.obj               64      0         0      
       fs_tod_t2.asm.obj             56      0         0      
       boot_cortex_m.c.obj           52      0         0      
       i_tofd_t2.asm.obj             46      0         0      
       e_sqrtf.c.obj                 40      0         0      
       copy_decompress_none.c.obj    14      0         0      
       copy_zero_init.c.obj          12      0         0      
       errno.c.obj                   8       0         4      
       exit.c.obj                    4       0         0      
       pre_init.c.obj                4       0         0      
       div0.asm.obj                  2       0         0      
    +--+-----------------------------+-------+---------+---------+
       Total:                        2278    0         4      
                                                              
       Stack:                        0       0         131072 
       Linker Generated:             0       47        0      
    +--+-----------------------------+-------+---------+---------+
       Grand Total:                  12222   6213      148505 


LINKER GENERATED COPY TABLES

__TI_cinit_table @ 00004800 records: 2, size/record: 8, table size: 16
	.data: load addr=000047ec, load size=0000000b bytes, run addr=20024408, run size=00000012 bytes, compression=lzss
	.bss: load addr=000047f8, load size=00000008 bytes, run addr=20020000, run size=00004408 bytes, compression=zero_init


LINKER GENERATED HANDLER TABLE

__TI_handler_table @ 000047e0 records: 3, size/record: 4, table size: 12
	index: 0, handler: __TI_decompress_lzss
	index: 1, handler: __TI_decompress_none
	index: 2, handler: __TI_zero_init


GLOBAL SYMBOLS: SORTED ALPHABETICALLY BY Name 

address   name                            
-------   ----                            
000031a5  ADC0SS0_IRQHandler              
000031a5  ADC0SS1_IRQHandler              
00001b27  ADC0SS2_IRQHandler              
00001b27  ADC0SS2_IRQHandler              
000031a5  ADC0SS3_IRQHandler              
000031a5  ADC1SS0_IRQHandler              
000031a5  ADC1SS1_IRQHandler              
000031a5  ADC1SS2_IRQHandler              
000031a5  ADC1SS3_IRQHandler              
00003179  ADCIntClearEx                   
00002799  ADCSequenceStepConfigure        
000031a5  AES0_IRQHandler                 
000031a5  BusFault_Handler                
000031cd  C$$EXIT                         
000031a5  CAN0_IRQHandler                 
000031a5  CAN1_IRQHandler                 
000031a5  COMP0_IRQHandler                
000031a5  COMP1_IRQHandler                
000031a5  COMP2_IRQHandler                
00002d4d  ConfigureUART                   
000031a5  DES0_IRQHandler                 
000031a5  DebugMon_Handler                
000031a5  Default_Handler                 
000031a5  EMAC0_IRQHandler                
000031a5  EPI0_IRQHandler                 
000031a5  FLASH_IRQHandler                
000031a5  GPIOA_IRQHandler                
000031a5  GPIOB_IRQHandler                
000031a5  GPIOC_IRQHandler                
000031a5  GPIOD_IRQHandler                
000031a5  GPIOE_IRQHandler                
000031a5  GPIOF_IRQHandler                
000031a5  GPIOG_IRQHandler                
000031a5  GPIOH_IRQHandler                
000031a5  GPIOJ_IRQHandler                
000031a5  GPIOK_IRQHandler                
000031a5  GPIOL_IRQHandler                
000031a5  GPIOM_IRQHandler                
000031a5  GPION_IRQHandler                
000031a5  GPIOP0_IRQHandler               
000031a5  GPIOP1_IRQHandler               
000031a5  GPIOP2_IRQHandler               
000031a5  GPIOP3_IRQHandler               
000031a5  GPIOP4_IRQHandler               
000031a5  GPIOP5_IRQHandler               
000031a5  GPIOP6_IRQHandler               
000031a5  GPIOP7_IRQHandler               
00001be1  GPIOPadConfigSet                
000031a5  GPIOQ0_IRQHandler               
000031a5  GPIOQ1_IRQHandler               
000031a5  GPIOQ2_IRQHandler               
000031a5  GPIOQ3_IRQHandler               
000031a5  GPIOQ4_IRQHandler               
000031a5  GPIOQ5_IRQHandler               
000031a5  GPIOQ6_IRQHandler               
000031a5  GPIOQ7_IRQHandler               
0000023d  GetPowerMag                     
0000035f  GetTHD                          
000031a5  HIBERNATE_IRQHandler            
000031a5  HardFault_Handler               
000031a5  I2C0_IRQHandler                 
000031a5  I2C1_IRQHandler                 
000031a5  I2C2_IRQHandler                 
000031a5  I2C3_IRQHandler                 
000031a5  I2C4_IRQHandler                 
000031a5  I2C5_IRQHandler                 
000031a5  I2C6_IRQHandler                 
000031a5  I2C7_IRQHandler                 
000031a5  I2C8_IRQHandler                 
000031a5  I2C9_IRQHandler                 
000031a5  MemManage_Handler               
000031a5  NMI_Handler                     
000031a5  PWM0_0_IRQHandler               
000031a5  PWM0_1_IRQHandler               
000031a5  PWM0_2_IRQHandler               
000031a5  PWM0_3_IRQHandler               
000031a5  PWM0_FAULT_IRQHandler           
000031a5  PendSV_Handler                  
000031a5  QEI0_IRQHandler                 
00003199  Reset_Handler                   
000031a5  SHA0_IRQHandler                 
000031a5  SSI0_IRQHandler                 
000031a5  SSI1_IRQHandler                 
000031a5  SSI2_IRQHandler                 
000031a5  SSI3_IRQHandler                 
000031a5  SVC_Handler                     
000031a5  SYSCTL_IRQHandler               
000031a5  SYSEXC_IRQHandler               
0000167d  SysCtlClockFreqSet              
00002eb5  SysCtlPeripheralReady           
000031a9  SysTickValueGet                 
000031a5  SysTick_Handler                 
20024414  SystemCoreClock                 
00002581  SystemCoreClockUpdate           
0000266f  SystemInit                      
000031a5  TAMPER0_IRQHandler              
000031a5  TIMER0A_IRQHandler              
000031a5  TIMER0B_IRQHandler              
000031a5  TIMER1A_IRQHandler              
000031a5  TIMER1B_IRQHandler              
000031a5  TIMER2A_IRQHandler              
000031a5  TIMER2B_IRQHandler              
000031a5  TIMER3A_IRQHandler              
000031a5  TIMER3B_IRQHandler              
000031a5  TIMER4A_IRQHandler              
000031a5  TIMER4B_IRQHandler              
000031a5  TIMER5A_IRQHandler              
000031a5  TIMER5B_IRQHandler              
000031a5  TIMER6A_IRQHandler              
000031a5  TIMER6B_IRQHandler              
000031a5  TIMER7A_IRQHandler              
000031a5  TIMER7B_IRQHandler              
00002db5  TimerControlTrigger             
000031a5  UART0_IRQHandler                
000031a5  UART1_IRQHandler                
000031a5  UART2_IRQHandler                
000031a5  UART3_IRQHandler                
000031a5  UART4_IRQHandler                
000031a5  UART5_IRQHandler                
000031a5  UART6_IRQHandler                
000031a5  UART7_IRQHandler                
00000831  UARTStdioConfig                 
000009a9  UARTgetc                        
000008e3  UARTgets                        
00000cd7  UARTprintf                      
000009dd  UARTvprintf                     
00000891  UARTwrite                       
000031a5  UDMAERR_IRQHandler              
000031a5  UDMA_IRQHandler                 
000031a5  USB0_IRQHandler                 
000031a5  UsageFault_Handler              
000031a5  WATCHDOG_IRQHandler             
20020000  __STACK_END                     
00020000  __STACK_SIZE                    
20000200  __STACK_TOP                     
00004800  __TI_CINIT_Base                 
00004810  __TI_CINIT_Limit                
000047e0  __TI_Handler_Table_Base         
000047ec  __TI_Handler_Table_Limit        
00002f3d  __TI_auto_init_nobinit_nopinit  
00002ce5  __TI_decompress_lzss            
0000318b  __TI_decompress_none            
ffffffff  __TI_pprof_out_hndl             
ffffffff  __TI_prof_data_size             
ffffffff  __TI_prof_data_start            
00000000  __TI_static_base__              
000031b5  __TI_zero_init                  
00002c77  __aeabi_d2f                     
00002e6d  __aeabi_d2iz                    
00001e25  __aeabi_dadd                    
00002449  __aeabi_ddiv                    
0000269d  __aeabi_dmul                    
00001e1b  __aeabi_dsub                    
000031c1  __aeabi_errno_addr              
00002fc1  __aeabi_f2d                     
00003061  __aeabi_i2d                     
000011c3  __aeabi_idiv0                   
000011c3  __aeabi_ldiv0                   
00002bfd  __aeabi_memclr                  
00002bfd  __aeabi_memclr4                 
00002bfd  __aeabi_memclr8                 
00002ad1  __aeabi_memcpy                  
00002ad1  __aeabi_memcpy4                 
00002ad1  __aeabi_memcpy8                 
00002bff  __aeabi_memset                  
00002bff  __aeabi_memset4                 
00002bff  __aeabi_memset8                 
00002f81  __aeabi_uidiv                   
00002f81  __aeabi_uidivmod                
ffffffff  __binit__                       
ffffffff  __c_args__                      
UNDEFED   __mpu_init                      
20000000  __stack                         
20000000  __start___llvm_prf_cnts         
20000000  __stop___llvm_prf_cnts          
00002ff9  _c_int00_noargs                 
UNDEFED   _system_post_cinit              
000031c9  _system_pre_init                
000031cd  abort                           
00001a75  adc_with_uDMA_init              
00003dd0  armBitRevIndexTable_fixed_1024  
000029d9  arm_bitreversal_16              
0000296f  arm_bitreversal_32              
00002887  arm_cfft_q15                    
00001fd1  arm_cfft_radix4by2_inverse_q15  
00002161  arm_cfft_radix4by2_q15          
000047ac  arm_cfft_sR_q15_len1024         
00000d0d  arm_radix4_butterfly_inverse_q15
000011c5  arm_radix4_butterfly_q15        
ffffffff  binit                           
00002ab1  btnPressedEvent                 
00002e43  delay                           
20020000  dstBufferA                      
20021000  dstBufferB                      
20024410  errno                           
20022000  fftOutput                       
20024408  g_ui32Base                      
00002a31  gpioInit                        
00000000  interruptVectors                
00002a65  isBtnPressed                    
20023000  magBuffer                       
0000302d  main                            
00002ad1  memcpy                          
00002c05  memset                          
20024000  pui8ControlTable                
2002440d  setBufAReady                    
2002440e  setBufBReady                    
20024400  setFFTmaxFreqIndex              
000022f1  sqrt                            
00003091  sqrtf                           
000022f1  sqrtl                           
20024404  systemClock                     
00002e15  systemClock_init                
00001a07  timer0_for_adc_init             
0000049d  transfrom_waves                 
000031d0  twiddleCoef_1024_q15            
0000195d  uMDA_for_adc_init               
20024418  usedDmaCh                       


GLOBAL SYMBOLS: SORTED BY Symbol Address 

address   name                            
-------   ----                            
00000000  __TI_static_base__              
00000000  interruptVectors                
0000023d  GetPowerMag                     
0000035f  GetTHD                          
0000049d  transfrom_waves                 
00000831  UARTStdioConfig                 
00000891  UARTwrite                       
000008e3  UARTgets                        
000009a9  UARTgetc                        
000009dd  UARTvprintf                     
00000cd7  UARTprintf                      
00000d0d  arm_radix4_butterfly_inverse_q15
000011c3  __aeabi_idiv0                   
000011c3  __aeabi_ldiv0                   
000011c5  arm_radix4_butterfly_q15        
0000167d  SysCtlClockFreqSet              
0000195d  uMDA_for_adc_init               
00001a07  timer0_for_adc_init             
00001a75  adc_with_uDMA_init              
00001b27  ADC0SS2_IRQHandler              
00001b27  ADC0SS2_IRQHandler              
00001be1  GPIOPadConfigSet                
00001e1b  __aeabi_dsub                    
00001e25  __aeabi_dadd                    
00001fd1  arm_cfft_radix4by2_inverse_q15  
00002161  arm_cfft_radix4by2_q15          
000022f1  sqrt                            
000022f1  sqrtl                           
00002449  __aeabi_ddiv                    
00002581  SystemCoreClockUpdate           
0000266f  SystemInit                      
0000269d  __aeabi_dmul                    
00002799  ADCSequenceStepConfigure        
00002887  arm_cfft_q15                    
0000296f  arm_bitreversal_32              
000029d9  arm_bitreversal_16              
00002a31  gpioInit                        
00002a65  isBtnPressed                    
00002ab1  btnPressedEvent                 
00002ad1  __aeabi_memcpy                  
00002ad1  __aeabi_memcpy4                 
00002ad1  __aeabi_memcpy8                 
00002ad1  memcpy                          
00002bfd  __aeabi_memclr                  
00002bfd  __aeabi_memclr4                 
00002bfd  __aeabi_memclr8                 
00002bff  __aeabi_memset                  
00002bff  __aeabi_memset4                 
00002bff  __aeabi_memset8                 
00002c05  memset                          
00002c77  __aeabi_d2f                     
00002ce5  __TI_decompress_lzss            
00002d4d  ConfigureUART                   
00002db5  TimerControlTrigger             
00002e15  systemClock_init                
00002e43  delay                           
00002e6d  __aeabi_d2iz                    
00002eb5  SysCtlPeripheralReady           
00002f3d  __TI_auto_init_nobinit_nopinit  
00002f81  __aeabi_uidiv                   
00002f81  __aeabi_uidivmod                
00002fc1  __aeabi_f2d                     
00002ff9  _c_int00_noargs                 
0000302d  main                            
00003061  __aeabi_i2d                     
00003091  sqrtf                           
00003179  ADCIntClearEx                   
0000318b  __TI_decompress_none            
00003199  Reset_Handler                   
000031a5  ADC0SS0_IRQHandler              
000031a5  ADC0SS1_IRQHandler              
000031a5  ADC0SS3_IRQHandler              
000031a5  ADC1SS0_IRQHandler              
000031a5  ADC1SS1_IRQHandler              
000031a5  ADC1SS2_IRQHandler              
000031a5  ADC1SS3_IRQHandler              
000031a5  AES0_IRQHandler                 
000031a5  BusFault_Handler                
000031a5  CAN0_IRQHandler                 
000031a5  CAN1_IRQHandler                 
000031a5  COMP0_IRQHandler                
000031a5  COMP1_IRQHandler                
000031a5  COMP2_IRQHandler                
000031a5  DES0_IRQHandler                 
000031a5  DebugMon_Handler                
000031a5  Default_Handler                 
000031a5  EMAC0_IRQHandler                
000031a5  EPI0_IRQHandler                 
000031a5  FLASH_IRQHandler                
000031a5  GPIOA_IRQHandler                
000031a5  GPIOB_IRQHandler                
000031a5  GPIOC_IRQHandler                
000031a5  GPIOD_IRQHandler                
000031a5  GPIOE_IRQHandler                
000031a5  GPIOF_IRQHandler                
000031a5  GPIOG_IRQHandler                
000031a5  GPIOH_IRQHandler                
000031a5  GPIOJ_IRQHandler                
000031a5  GPIOK_IRQHandler                
000031a5  GPIOL_IRQHandler                
000031a5  GPIOM_IRQHandler                
000031a5  GPION_IRQHandler                
000031a5  GPIOP0_IRQHandler               
000031a5  GPIOP1_IRQHandler               
000031a5  GPIOP2_IRQHandler               
000031a5  GPIOP3_IRQHandler               
000031a5  GPIOP4_IRQHandler               
000031a5  GPIOP5_IRQHandler               
000031a5  GPIOP6_IRQHandler               
000031a5  GPIOP7_IRQHandler               
000031a5  GPIOQ0_IRQHandler               
000031a5  GPIOQ1_IRQHandler               
000031a5  GPIOQ2_IRQHandler               
000031a5  GPIOQ3_IRQHandler               
000031a5  GPIOQ4_IRQHandler               
000031a5  GPIOQ5_IRQHandler               
000031a5  GPIOQ6_IRQHandler               
000031a5  GPIOQ7_IRQHandler               
000031a5  HIBERNATE_IRQHandler            
000031a5  HardFault_Handler               
000031a5  I2C0_IRQHandler                 
000031a5  I2C1_IRQHandler                 
000031a5  I2C2_IRQHandler                 
000031a5  I2C3_IRQHandler                 
000031a5  I2C4_IRQHandler                 
000031a5  I2C5_IRQHandler                 
000031a5  I2C6_IRQHandler                 
000031a5  I2C7_IRQHandler                 
000031a5  I2C8_IRQHandler                 
000031a5  I2C9_IRQHandler                 
000031a5  MemManage_Handler               
000031a5  NMI_Handler                     
000031a5  PWM0_0_IRQHandler               
000031a5  PWM0_1_IRQHandler               
000031a5  PWM0_2_IRQHandler               
000031a5  PWM0_3_IRQHandler               
000031a5  PWM0_FAULT_IRQHandler           
000031a5  PendSV_Handler                  
000031a5  QEI0_IRQHandler                 
000031a5  SHA0_IRQHandler                 
000031a5  SSI0_IRQHandler                 
000031a5  SSI1_IRQHandler                 
000031a5  SSI2_IRQHandler                 
000031a5  SSI3_IRQHandler                 
000031a5  SVC_Handler                     
000031a5  SYSCTL_IRQHandler               
000031a5  SYSEXC_IRQHandler               
000031a5  SysTick_Handler                 
000031a5  TAMPER0_IRQHandler              
000031a5  TIMER0A_IRQHandler              
000031a5  TIMER0B_IRQHandler              
000031a5  TIMER1A_IRQHandler              
000031a5  TIMER1B_IRQHandler              
000031a5  TIMER2A_IRQHandler              
000031a5  TIMER2B_IRQHandler              
000031a5  TIMER3A_IRQHandler              
000031a5  TIMER3B_IRQHandler              
000031a5  TIMER4A_IRQHandler              
000031a5  TIMER4B_IRQHandler              
000031a5  TIMER5A_IRQHandler              
000031a5  TIMER5B_IRQHandler              
000031a5  TIMER6A_IRQHandler              
000031a5  TIMER6B_IRQHandler              
000031a5  TIMER7A_IRQHandler              
000031a5  TIMER7B_IRQHandler              
000031a5  UART0_IRQHandler                
000031a5  UART1_IRQHandler                
000031a5  UART2_IRQHandler                
000031a5  UART3_IRQHandler                
000031a5  UART4_IRQHandler                
000031a5  UART5_IRQHandler                
000031a5  UART6_IRQHandler                
000031a5  UART7_IRQHandler                
000031a5  UDMAERR_IRQHandler              
000031a5  UDMA_IRQHandler                 
000031a5  USB0_IRQHandler                 
000031a5  UsageFault_Handler              
000031a5  WATCHDOG_IRQHandler             
000031a9  SysTickValueGet                 
000031b5  __TI_zero_init                  
000031c1  __aeabi_errno_addr              
000031c9  _system_pre_init                
000031cd  C$$EXIT                         
000031cd  abort                           
000031d0  twiddleCoef_1024_q15            
00003dd0  armBitRevIndexTable_fixed_1024  
000047ac  arm_cfft_sR_q15_len1024         
000047e0  __TI_Handler_Table_Base         
000047ec  __TI_Handler_Table_Limit        
00004800  __TI_CINIT_Base                 
00004810  __TI_CINIT_Limit                
00020000  __STACK_SIZE                    
20000000  __stack                         
20000000  __start___llvm_prf_cnts         
20000000  __stop___llvm_prf_cnts          
20000200  __STACK_TOP                     
20020000  __STACK_END                     
20020000  dstBufferA                      
20021000  dstBufferB                      
20022000  fftOutput                       
20023000  magBuffer                       
20024000  pui8ControlTable                
20024400  setFFTmaxFreqIndex              
20024404  systemClock                     
20024408  g_ui32Base                      
2002440d  setBufAReady                    
2002440e  setBufBReady                    
20024410  errno                           
20024414  SystemCoreClock                 
20024418  usedDmaCh                       
ffffffff  __TI_pprof_out_hndl             
ffffffff  __TI_prof_data_size             
ffffffff  __TI_prof_data_start            
ffffffff  __binit__                       
ffffffff  __c_args__                      
ffffffff  binit                           
UNDEFED   __mpu_init                      
UNDEFED   _system_post_cinit              

[218 symbols]
