<?xml version="1.0" encoding="ISO-8859-1" ?>
<link_info>
   <banner>TI ARM Linker PC v20.2.5.LTS</banner>
   <copyright>Copyright (c) 1996-2018 Texas Instruments Incorporated</copyright>
   <link_time>0x627df034</link_time>
   <link_errors>0x0</link_errors>
   <output_file>waves.out</output_file>
   <entry_point>
      <name>_c_int00_noargs</name>
      <address>0x2f6d</address>
   </entry_point>
   <input_file_list>
      <input_file id="fl-2">
         <path>.\ccs\</path>
         <kind>object</kind>
         <file>startup_msp432e401y_ccs.obj</file>
         <name>startup_msp432e401y_ccs.obj</name>
      </input_file>
      <input_file id="fl-3">
         <path>.\ccs\</path>
         <kind>object</kind>
         <file>system_msp432e401y.obj</file>
         <name>system_msp432e401y.obj</name>
      </input_file>
      <input_file id="fl-4">
         <path>.\src\</path>
         <kind>object</kind>
         <file>adc.obj</file>
         <name>adc.obj</name>
      </input_file>
      <input_file id="fl-5">
         <path>.\src\</path>
         <kind>object</kind>
         <file>gpio.obj</file>
         <name>gpio.obj</name>
      </input_file>
      <input_file id="fl-6">
         <path>.\src\</path>
         <kind>object</kind>
         <file>hmi.obj</file>
         <name>hmi.obj</name>
      </input_file>
      <input_file id="fl-7">
         <path>.\src\</path>
         <kind>object</kind>
         <file>main.obj</file>
         <name>main.obj</name>
      </input_file>
      <input_file id="fl-8">
         <path>.\src\</path>
         <kind>object</kind>
         <file>systemClock.obj</file>
         <name>systemClock.obj</name>
      </input_file>
      <input_file id="fl-9">
         <path>.\src\</path>
         <kind>object</kind>
         <file>uart.obj</file>
         <name>uart.obj</name>
      </input_file>
      <input_file id="fl-a">
         <path>.\src\</path>
         <kind>object</kind>
         <file>uartstdio.obj</file>
         <name>uartstdio.obj</name>
      </input_file>
      <input_file id="fl-b">
         <path>.\src\</path>
         <kind>object</kind>
         <file>waves.obj</file>
         <name>waves.obj</name>
      </input_file>
      <input_file id="fl-16">
         <kind>object</kind>
         <file>&lt;internal&gt;</file>
         <name>&lt;internal&gt;</name>
      </input_file>
      <input_file id="fl-17">
         <path>C:\ti\simplelink_msp432e4_sdk_4_20_00_12\source\third_party\CMSIS\DSP_Lib\lib\ccs\m4f\</path>
         <kind>archive</kind>
         <file>arm_cortexM4lf_math.a</file>
         <name>arm_const_structs.o</name>
      </input_file>
      <input_file id="fl-18">
         <path>C:\ti\simplelink_msp432e4_sdk_4_20_00_12\source\third_party\CMSIS\DSP_Lib\lib\ccs\m4f\</path>
         <kind>archive</kind>
         <file>arm_cortexM4lf_math.a</file>
         <name>arm_cfft_q15.o</name>
      </input_file>
      <input_file id="fl-19">
         <path>C:\ti\simplelink_msp432e4_sdk_4_20_00_12\source\third_party\CMSIS\DSP_Lib\lib\ccs\m4f\</path>
         <kind>archive</kind>
         <file>arm_cortexM4lf_math.a</file>
         <name>arm_cfft_radix4_q15.o</name>
      </input_file>
      <input_file id="fl-1a">
         <path>C:\ti\simplelink_msp432e4_sdk_4_20_00_12\source\third_party\CMSIS\DSP_Lib\lib\ccs\m4f\</path>
         <kind>archive</kind>
         <file>arm_cortexM4lf_math.a</file>
         <name>arm_bitreversal2.o</name>
      </input_file>
      <input_file id="fl-1b">
         <path>C:\ti\simplelink_msp432e4_sdk_4_20_00_12\source\third_party\CMSIS\DSP_Lib\lib\ccs\m4f\</path>
         <kind>archive</kind>
         <file>arm_cortexM4lf_math.a</file>
         <name>arm_common_tables.o</name>
      </input_file>
      <input_file id="fl-1c">
         <path>C:\ti\simplelink_msp432e4_sdk_4_20_00_12\source\third_party\CMSIS\DSP_Lib\lib\ccs\m4f\</path>
         <kind>archive</kind>
         <file>arm_cortexM4lf_math.a</file>
         <name>arm_bitreversal.o</name>
      </input_file>
      <input_file id="fl-1d">
         <path>C:\ti\simplelink_msp432e4_sdk_4_20_00_12\source\ti\devices\msp432e4\driverlib\lib\ccs\m4f\</path>
         <kind>archive</kind>
         <file>msp432e4_driverlib.a</file>
         <name>adc.o</name>
      </input_file>
      <input_file id="fl-1e">
         <path>C:\ti\simplelink_msp432e4_sdk_4_20_00_12\source\ti\devices\msp432e4\driverlib\lib\ccs\m4f\</path>
         <kind>archive</kind>
         <file>msp432e4_driverlib.a</file>
         <name>gpio.o</name>
      </input_file>
      <input_file id="fl-1f">
         <path>C:\ti\simplelink_msp432e4_sdk_4_20_00_12\source\ti\devices\msp432e4\driverlib\lib\ccs\m4f\</path>
         <kind>archive</kind>
         <file>msp432e4_driverlib.a</file>
         <name>interrupt.o</name>
      </input_file>
      <input_file id="fl-20">
         <path>C:\ti\simplelink_msp432e4_sdk_4_20_00_12\source\ti\devices\msp432e4\driverlib\lib\ccs\m4f\</path>
         <kind>archive</kind>
         <file>msp432e4_driverlib.a</file>
         <name>sysctl.o</name>
      </input_file>
      <input_file id="fl-21">
         <path>C:\ti\simplelink_msp432e4_sdk_4_20_00_12\source\ti\devices\msp432e4\driverlib\lib\ccs\m4f\</path>
         <kind>archive</kind>
         <file>msp432e4_driverlib.a</file>
         <name>systick.o</name>
      </input_file>
      <input_file id="fl-22">
         <path>C:\ti\simplelink_msp432e4_sdk_4_20_00_12\source\ti\devices\msp432e4\driverlib\lib\ccs\m4f\</path>
         <kind>archive</kind>
         <file>msp432e4_driverlib.a</file>
         <name>timer.o</name>
      </input_file>
      <input_file id="fl-23">
         <path>C:\ti\simplelink_msp432e4_sdk_4_20_00_12\source\ti\devices\msp432e4\driverlib\lib\ccs\m4f\</path>
         <kind>archive</kind>
         <file>msp432e4_driverlib.a</file>
         <name>cpu.o</name>
      </input_file>
      <input_file id="fl-d9">
         <path>C:\ti\ccs1100\ccs\tools\compiler\ti-cgt-arm_20.2.5.LTS\lib\</path>
         <kind>archive</kind>
         <file>rtsv7M4_T_le_v4SPD16_eabi.lib</file>
         <name>e_sqrt.c.obj</name>
      </input_file>
      <input_file id="fl-da">
         <path>C:\ti\ccs1100\ccs\tools\compiler\ti-cgt-arm_20.2.5.LTS\lib\</path>
         <kind>archive</kind>
         <file>rtsv7M4_T_le_v4SPD16_eabi.lib</file>
         <name>e_sqrtf.c.obj</name>
      </input_file>
      <input_file id="fl-db">
         <path>C:\ti\ccs1100\ccs\tools\compiler\ti-cgt-arm_20.2.5.LTS\lib\</path>
         <kind>archive</kind>
         <file>rtsv7M4_T_le_v4SPD16_eabi.lib</file>
         <name>fd_add_t2.asm.obj</name>
      </input_file>
      <input_file id="fl-dc">
         <path>C:\ti\ccs1100\ccs\tools\compiler\ti-cgt-arm_20.2.5.LTS\lib\</path>
         <kind>archive</kind>
         <file>rtsv7M4_T_le_v4SPD16_eabi.lib</file>
         <name>fd_div_t2.asm.obj</name>
      </input_file>
      <input_file id="fl-dd">
         <path>C:\ti\ccs1100\ccs\tools\compiler\ti-cgt-arm_20.2.5.LTS\lib\</path>
         <kind>archive</kind>
         <file>rtsv7M4_T_le_v4SPD16_eabi.lib</file>
         <name>fd_mul_t2.asm.obj</name>
      </input_file>
      <input_file id="fl-de">
         <path>C:\ti\ccs1100\ccs\tools\compiler\ti-cgt-arm_20.2.5.LTS\lib\</path>
         <kind>archive</kind>
         <file>rtsv7M4_T_le_v4SPD16_eabi.lib</file>
         <name>fd_toi_t2.asm.obj</name>
      </input_file>
      <input_file id="fl-df">
         <path>C:\ti\ccs1100\ccs\tools\compiler\ti-cgt-arm_20.2.5.LTS\lib\</path>
         <kind>archive</kind>
         <file>rtsv7M4_T_le_v4SPD16_eabi.lib</file>
         <name>fd_tos_t2.asm.obj</name>
      </input_file>
      <input_file id="fl-e0">
         <path>C:\ti\ccs1100\ccs\tools\compiler\ti-cgt-arm_20.2.5.LTS\lib\</path>
         <kind>archive</kind>
         <file>rtsv7M4_T_le_v4SPD16_eabi.lib</file>
         <name>fs_tod_t2.asm.obj</name>
      </input_file>
      <input_file id="fl-e1">
         <path>C:\ti\ccs1100\ccs\tools\compiler\ti-cgt-arm_20.2.5.LTS\lib\</path>
         <kind>archive</kind>
         <file>rtsv7M4_T_le_v4SPD16_eabi.lib</file>
         <name>i_tofd_t2.asm.obj</name>
      </input_file>
      <input_file id="fl-e2">
         <path>C:\ti\ccs1100\ccs\tools\compiler\ti-cgt-arm_20.2.5.LTS\lib\</path>
         <kind>archive</kind>
         <file>rtsv7M4_T_le_v4SPD16_eabi.lib</file>
         <name>u_divt2.asm.obj</name>
      </input_file>
      <input_file id="fl-e3">
         <path>C:\ti\ccs1100\ccs\tools\compiler\ti-cgt-arm_20.2.5.LTS\lib\</path>
         <kind>archive</kind>
         <file>rtsv7M4_T_le_v4SPD16_eabi.lib</file>
         <name>copy_zero_init.c.obj</name>
      </input_file>
      <input_file id="fl-e4">
         <path>C:\ti\ccs1100\ccs\tools\compiler\ti-cgt-arm_20.2.5.LTS\lib\</path>
         <kind>archive</kind>
         <file>rtsv7M4_T_le_v4SPD16_eabi.lib</file>
         <name>copy_decompress_none.c.obj</name>
      </input_file>
      <input_file id="fl-e5">
         <path>C:\ti\ccs1100\ccs\tools\compiler\ti-cgt-arm_20.2.5.LTS\lib\</path>
         <kind>archive</kind>
         <file>rtsv7M4_T_le_v4SPD16_eabi.lib</file>
         <name>copy_decompress_lzss.c.obj</name>
      </input_file>
      <input_file id="fl-e6">
         <path>C:\ti\ccs1100\ccs\tools\compiler\ti-cgt-arm_20.2.5.LTS\lib\</path>
         <kind>archive</kind>
         <file>rtsv7M4_T_le_v4SPD16_eabi.lib</file>
         <name>errno.c.obj</name>
      </input_file>
      <input_file id="fl-e7">
         <path>C:\ti\ccs1100\ccs\tools\compiler\ti-cgt-arm_20.2.5.LTS\lib\</path>
         <kind>archive</kind>
         <file>rtsv7M4_T_le_v4SPD16_eabi.lib</file>
         <name>boot_cortex_m.c.obj</name>
      </input_file>
      <input_file id="fl-e8">
         <path>C:\ti\ccs1100\ccs\tools\compiler\ti-cgt-arm_20.2.5.LTS\lib\</path>
         <kind>archive</kind>
         <file>rtsv7M4_T_le_v4SPD16_eabi.lib</file>
         <name>div0.asm.obj</name>
      </input_file>
      <input_file id="fl-e9">
         <path>C:\ti\ccs1100\ccs\tools\compiler\ti-cgt-arm_20.2.5.LTS\lib\</path>
         <kind>archive</kind>
         <file>rtsv7M4_T_le_v4SPD16_eabi.lib</file>
         <name>memcpy_t2.asm.obj</name>
      </input_file>
      <input_file id="fl-ea">
         <path>C:\ti\ccs1100\ccs\tools\compiler\ti-cgt-arm_20.2.5.LTS\lib\</path>
         <kind>archive</kind>
         <file>rtsv7M4_T_le_v4SPD16_eabi.lib</file>
         <name>memset_t2.asm.obj</name>
      </input_file>
      <input_file id="fl-eb">
         <path>C:\ti\ccs1100\ccs\tools\compiler\ti-cgt-arm_20.2.5.LTS\lib\</path>
         <kind>archive</kind>
         <file>rtsv7M4_T_le_v4SPD16_eabi.lib</file>
         <name>autoinit.c.obj</name>
      </input_file>
      <input_file id="fl-ec">
         <path>C:\ti\ccs1100\ccs\tools\compiler\ti-cgt-arm_20.2.5.LTS\lib\</path>
         <kind>archive</kind>
         <file>rtsv7M4_T_le_v4SPD16_eabi.lib</file>
         <name>pre_init.c.obj</name>
      </input_file>
      <input_file id="fl-ed">
         <path>C:\ti\ccs1100\ccs\tools\compiler\ti-cgt-arm_20.2.5.LTS\lib\</path>
         <kind>archive</kind>
         <file>rtsv7M4_T_le_v4SPD16_eabi.lib</file>
         <name>cpy_tbl.c.obj</name>
      </input_file>
      <input_file id="fl-ee">
         <path>C:\ti\ccs1100\ccs\tools\compiler\ti-cgt-arm_20.2.5.LTS\lib\</path>
         <kind>archive</kind>
         <file>rtsv7M4_T_le_v4SPD16_eabi.lib</file>
         <name>exit.c.obj</name>
      </input_file>
      <input_file id="fl-ef">
         <path>C:\ti\ccs1100\ccs\tools\compiler\ti-cgt-arm_20.2.5.LTS\lib\</path>
         <kind>archive</kind>
         <file>rtsv7M4_T_le_v4SPD16_eabi.lib</file>
         <name>_lock.c.obj</name>
      </input_file>
      <input_file id="fl-f0">
         <path>C:\ti\ccs1100\ccs\tools\compiler\ti-cgt-arm_20.2.5.LTS\lib\</path>
         <kind>archive</kind>
         <file>rtsv7M4_T_le_v4SPD16_eabi.lib</file>
         <name>args_main.c.obj</name>
      </input_file>
   </input_file_list>
   <object_component_list>
      <object_component id="oc-13">
         <name>.intvecs:retain</name>
         <load_address>0x0</load_address>
         <run_address>0x0</run_address>
         <size>0x208</size>
         <input_file_ref idref="fl-2"/>
      </object_component>
      <object_component id="oc-125">
         <name>.text</name>
         <load_address>0x208</load_address>
         <run_address>0x208</run_address>
         <size>0x59c</size>
         <input_file_ref idref="fl-b"/>
      </object_component>
      <object_component id="oc-17f">
         <name>.text</name>
         <load_address>0x7a4</load_address>
         <run_address>0x7a4</run_address>
         <size>0x4dc</size>
         <input_file_ref idref="fl-a"/>
      </object_component>
      <object_component id="oc-23f">
         <name>.text:arm_radix4_butterfly_inverse_q15</name>
         <load_address>0xc80</load_address>
         <run_address>0xc80</run_address>
         <size>0x4b6</size>
         <input_file_ref idref="fl-19"/>
      </object_component>
      <object_component id="oc-2b7">
         <name>.text</name>
         <load_address>0x1136</load_address>
         <run_address>0x1136</run_address>
         <size>0x2</size>
         <input_file_ref idref="fl-e8"/>
      </object_component>
      <object_component id="oc-24b">
         <name>.text:arm_radix4_butterfly_q15</name>
         <load_address>0x1138</load_address>
         <run_address>0x1138</run_address>
         <size>0x4b6</size>
         <input_file_ref idref="fl-19"/>
      </object_component>
      <object_component id="oc-172">
         <name>.text:SysCtlClockFreqSet</name>
         <load_address>0x15f0</load_address>
         <run_address>0x15f0</run_address>
         <size>0x2e0</size>
         <input_file_ref idref="fl-20"/>
      </object_component>
      <object_component id="oc-2e">
         <name>.text</name>
         <load_address>0x18d0</load_address>
         <run_address>0x18d0</run_address>
         <size>0x284</size>
         <input_file_ref idref="fl-4"/>
      </object_component>
      <object_component id="oc-18c">
         <name>.text:GPIOPadConfigSet</name>
         <load_address>0x1b54</load_address>
         <run_address>0x1b54</run_address>
         <size>0x23a</size>
         <input_file_ref idref="fl-1e"/>
      </object_component>
      <object_component id="oc-1be">
         <name>.text</name>
         <load_address>0x1d8e</load_address>
         <run_address>0x1d8e</run_address>
         <size>0x1b6</size>
         <input_file_ref idref="fl-db"/>
      </object_component>
      <object_component id="oc-245">
         <name>.text:arm_cfft_radix4by2_inverse_q15</name>
         <load_address>0x1f44</load_address>
         <run_address>0x1f44</run_address>
         <size>0x190</size>
         <input_file_ref idref="fl-18"/>
      </object_component>
      <object_component id="oc-251">
         <name>.text:arm_cfft_radix4by2_q15</name>
         <load_address>0x20d4</load_address>
         <run_address>0x20d4</run_address>
         <size>0x190</size>
         <input_file_ref idref="fl-18"/>
      </object_component>
      <object_component id="oc-19e">
         <name>.text:sqrt</name>
         <load_address>0x2264</load_address>
         <run_address>0x2264</run_address>
         <size>0x158</size>
         <input_file_ref idref="fl-d9"/>
      </object_component>
      <object_component id="oc-1a4">
         <name>.text</name>
         <load_address>0x23bc</load_address>
         <run_address>0x23bc</run_address>
         <size>0x136</size>
         <input_file_ref idref="fl-dc"/>
      </object_component>
      <object_component id="oc-74">
         <name>.text</name>
         <load_address>0x24f4</load_address>
         <run_address>0x24f4</run_address>
         <size>0x11c</size>
         <input_file_ref idref="fl-3"/>
      </object_component>
      <object_component id="oc-1a9">
         <name>.text</name>
         <load_address>0x2610</load_address>
         <run_address>0x2610</run_address>
         <size>0xfc</size>
         <input_file_ref idref="fl-dd"/>
      </object_component>
      <object_component id="oc-81">
         <name>.text:ADCSequenceStepConfigure</name>
         <load_address>0x270c</load_address>
         <run_address>0x270c</run_address>
         <size>0xee</size>
         <input_file_ref idref="fl-1d"/>
      </object_component>
      <object_component id="oc-1b3">
         <name>.text:arm_cfft_q15</name>
         <load_address>0x27fa</load_address>
         <run_address>0x27fa</run_address>
         <size>0xe8</size>
         <input_file_ref idref="fl-18"/>
      </object_component>
      <object_component id="oc-257">
         <name>.text</name>
         <load_address>0x28e2</load_address>
         <run_address>0x28e2</run_address>
         <size>0xc0</size>
         <input_file_ref idref="fl-1a"/>
      </object_component>
      <object_component id="oc-11f">
         <name>.text</name>
         <load_address>0x29a4</load_address>
         <run_address>0x29a4</run_address>
         <size>0xa0</size>
         <input_file_ref idref="fl-5"/>
      </object_component>
      <object_component id="oc-42">
         <name>.text</name>
         <load_address>0x2a44</load_address>
         <run_address>0x2a44</run_address>
         <size>0x9c</size>
         <input_file_ref idref="fl-e9"/>
      </object_component>
      <object_component id="oc-201">
         <name>.text:_SysCtlFrequencyGet</name>
         <load_address>0x2ae0</load_address>
         <run_address>0x2ae0</run_address>
         <size>0x90</size>
         <input_file_ref idref="fl-20"/>
      </object_component>
      <object_component id="oc-ba">
         <name>.text</name>
         <load_address>0x2b70</load_address>
         <run_address>0x2b70</run_address>
         <size>0x7a</size>
         <input_file_ref idref="fl-ea"/>
      </object_component>
      <object_component id="oc-1ae">
         <name>.text</name>
         <load_address>0x2bea</load_address>
         <run_address>0x2bea</run_address>
         <size>0x6e</size>
         <input_file_ref idref="fl-df"/>
      </object_component>
      <object_component id="oc-16">
         <name>.text:decompress:lzss:__TI_decompress_lzss</name>
         <load_address>0x2c58</load_address>
         <run_address>0x2c58</run_address>
         <size>0x68</size>
         <input_file_ref idref="fl-e5"/>
      </object_component>
      <object_component id="oc-119">
         <name>.text</name>
         <load_address>0x2cc0</load_address>
         <run_address>0x2cc0</run_address>
         <size>0x68</size>
         <input_file_ref idref="fl-9"/>
      </object_component>
      <object_component id="oc-7b">
         <name>.text:TimerControlTrigger</name>
         <load_address>0x2d28</load_address>
         <run_address>0x2d28</run_address>
         <size>0x60</size>
         <input_file_ref idref="fl-22"/>
      </object_component>
      <object_component id="oc-113">
         <name>.text</name>
         <load_address>0x2d88</load_address>
         <run_address>0x2d88</run_address>
         <size>0x58</size>
         <input_file_ref idref="fl-8"/>
      </object_component>
      <object_component id="oc-1c3">
         <name>.text</name>
         <load_address>0x2de0</load_address>
         <run_address>0x2de0</run_address>
         <size>0x48</size>
         <input_file_ref idref="fl-de"/>
      </object_component>
      <object_component id="oc-186">
         <name>.text:SysCtlPeripheralReady</name>
         <load_address>0x2e28</load_address>
         <run_address>0x2e28</run_address>
         <size>0x44</size>
         <input_file_ref idref="fl-20"/>
      </object_component>
      <object_component id="oc-1fb">
         <name>.text:_SysCtlMemTimingGet</name>
         <load_address>0x2e6c</load_address>
         <run_address>0x2e6c</run_address>
         <size>0x44</size>
         <input_file_ref idref="fl-20"/>
      </object_component>
      <object_component id="oc-138">
         <name>.text:__TI_auto_init_nobinit_nopinit:__TI_auto_init_nobinit_nopinit</name>
         <load_address>0x2eb0</load_address>
         <run_address>0x2eb0</run_address>
         <size>0x44</size>
         <input_file_ref idref="fl-eb"/>
      </object_component>
      <object_component id="oc-21b">
         <name>.text</name>
         <load_address>0x2ef4</load_address>
         <run_address>0x2ef4</run_address>
         <size>0x40</size>
         <input_file_ref idref="fl-e2"/>
      </object_component>
      <object_component id="oc-199">
         <name>.text</name>
         <load_address>0x2f34</load_address>
         <run_address>0x2f34</run_address>
         <size>0x38</size>
         <input_file_ref idref="fl-e0"/>
      </object_component>
      <object_component id="oc-60">
         <name>.text:_c_int00_noargs:_c_int00_noargs</name>
         <load_address>0x2f6c</load_address>
         <run_address>0x2f6c</run_address>
         <size>0x34</size>
         <input_file_ref idref="fl-e7"/>
      </object_component>
      <object_component id="oc-c6">
         <name>.text</name>
         <load_address>0x2fa0</load_address>
         <run_address>0x2fa0</run_address>
         <size>0x34</size>
         <input_file_ref idref="fl-7"/>
      </object_component>
      <object_component id="oc-1b9">
         <name>.text</name>
         <load_address>0x2fd4</load_address>
         <run_address>0x2fd4</run_address>
         <size>0x2e</size>
         <input_file_ref idref="fl-e1"/>
      </object_component>
      <object_component id="oc-193">
         <name>.text:sqrtf</name>
         <load_address>0x3004</load_address>
         <run_address>0x3004</run_address>
         <size>0x28</size>
         <input_file_ref idref="fl-da"/>
      </object_component>
      <object_component id="oc-2f6">
         <name>.text:write_q15x2_ia</name>
         <load_address>0x302c</load_address>
         <run_address>0x302c</run_address>
         <size>0x22</size>
         <input_file_ref idref="fl-18"/>
      </object_component>
      <object_component id="oc-2d6">
         <name>.text:write_q15x2_ia</name>
         <load_address>0x304e</load_address>
         <run_address>0x304e</run_address>
         <size>0x22</size>
         <input_file_ref idref="fl-19"/>
      </object_component>
      <object_component id="oc-2ea">
         <name>.text:read_q15x2_ia</name>
         <load_address>0x3070</load_address>
         <run_address>0x3070</run_address>
         <size>0x1e</size>
         <input_file_ref idref="fl-18"/>
      </object_component>
      <object_component id="oc-2e2">
         <name>.text:read_q15x2_ia</name>
         <load_address>0x308e</load_address>
         <run_address>0x308e</run_address>
         <size>0x1e</size>
         <input_file_ref idref="fl-19"/>
      </object_component>
      <object_component id="oc-2dc">
         <name>.text:write_q15x2</name>
         <load_address>0x30ac</load_address>
         <run_address>0x30ac</run_address>
         <size>0x18</size>
         <input_file_ref idref="fl-19"/>
      </object_component>
      <object_component id="oc-2f0">
         <name>.text:read_q15x2</name>
         <load_address>0x30c4</load_address>
         <run_address>0x30c4</run_address>
         <size>0x14</size>
         <input_file_ref idref="fl-18"/>
      </object_component>
      <object_component id="oc-2d0">
         <name>.text:read_q15x2</name>
         <load_address>0x30d8</load_address>
         <run_address>0x30d8</run_address>
         <size>0x14</size>
         <input_file_ref idref="fl-19"/>
      </object_component>
      <object_component id="oc-87">
         <name>.text:ADCIntClearEx</name>
         <load_address>0x30ec</load_address>
         <run_address>0x30ec</run_address>
         <size>0x12</size>
         <input_file_ref idref="fl-1d"/>
      </object_component>
      <object_component id="oc-1c">
         <name>.text:decompress:none:__TI_decompress_none</name>
         <load_address>0x30fe</load_address>
         <run_address>0x30fe</run_address>
         <size>0xe</size>
         <input_file_ref idref="fl-e4"/>
      </object_component>
      <object_component id="oc-28">
         <name>.text</name>
         <load_address>0x310c</load_address>
         <run_address>0x310c</run_address>
         <size>0xe</size>
         <input_file_ref idref="fl-2"/>
      </object_component>
      <object_component id="oc-178">
         <name>.text:SysTickValueGet</name>
         <load_address>0x311c</load_address>
         <run_address>0x311c</run_address>
         <size>0xc</size>
         <input_file_ref idref="fl-21"/>
      </object_component>
      <object_component id="oc-54">
         <name>.text:decompress:ZI:__TI_zero_init</name>
         <load_address>0x3128</load_address>
         <run_address>0x3128</run_address>
         <size>0xc</size>
         <input_file_ref idref="fl-e3"/>
      </object_component>
      <object_component id="oc-22c">
         <name>.text:__aeabi_errno_addr</name>
         <load_address>0x3134</load_address>
         <run_address>0x3134</run_address>
         <size>0x8</size>
         <input_file_ref idref="fl-e6"/>
      </object_component>
      <object_component id="oc-c0">
         <name>.text:_system_pre_init</name>
         <load_address>0x313c</load_address>
         <run_address>0x313c</run_address>
         <size>0x4</size>
         <input_file_ref idref="fl-ec"/>
      </object_component>
      <object_component id="oc-12c">
         <name>.text:abort:abort</name>
         <load_address>0x3140</load_address>
         <run_address>0x3140</run_address>
         <size>0x4</size>
         <input_file_ref idref="fl-ee"/>
      </object_component>
      <object_component id="oc-263">
         <name>.const:twiddleCoef_1024_q15</name>
         <load_address>0x3144</load_address>
         <run_address>0x3144</run_address>
         <size>0xc00</size>
         <input_file_ref idref="fl-1b"/>
      </object_component>
      <object_component id="oc-266">
         <name>.const:armBitRevIndexTable_fixed_1024</name>
         <load_address>0x3d44</load_address>
         <run_address>0x3d44</run_address>
         <size>0x7c0</size>
         <input_file_ref idref="fl-1b"/>
      </object_component>
      <object_component id="oc-20d">
         <name>.const:g_pppui32XTALtoVCO</name>
         <load_address>0x4504</load_address>
         <run_address>0x4504</run_address>
         <size>0x1b0</size>
         <input_file_ref idref="fl-20"/>
      </object_component>
      <object_component id="oc-2a0">
         <name>.const:g_sXTALtoMEMTIM</name>
         <load_address>0x46b4</load_address>
         <run_address>0x46b4</run_address>
         <size>0x30</size>
         <input_file_ref idref="fl-20"/>
      </object_component>
      <object_component id="oc-207">
         <name>.const:g_pui32Xtals</name>
         <load_address>0x46e4</load_address>
         <run_address>0x46e4</run_address>
         <size>0x28</size>
         <input_file_ref idref="fl-20"/>
      </object_component>
      <object_component id="oc-2bd">
         <name>.const:.string</name>
         <load_address>0x470c</load_address>
         <run_address>0x470c</run_address>
         <size>0x12</size>
         <input_file_ref idref="fl-a"/>
      </object_component>
      <object_component id="oc-1cb">
         <name>.const:arm_cfft_sR_q15_len1024</name>
         <load_address>0x4720</load_address>
         <run_address>0x4720</run_address>
         <size>0x10</size>
         <input_file_ref idref="fl-17"/>
      </object_component>
      <object_component id="oc-218">
         <name>.const:g_ui32UARTBase</name>
         <load_address>0x4730</load_address>
         <run_address>0x4730</run_address>
         <size>0xc</size>
         <input_file_ref idref="fl-a"/>
      </object_component>
      <object_component id="oc-212">
         <name>.const:g_ui32UARTPeriph</name>
         <load_address>0x473c</load_address>
         <run_address>0x473c</run_address>
         <size>0xc</size>
         <input_file_ref idref="fl-a"/>
      </object_component>
      <object_component id="oc-20a">
         <name>.const:g_pui32VCOFrequencies</name>
         <load_address>0x4748</load_address>
         <run_address>0x4748</run_address>
         <size>0x8</size>
         <input_file_ref idref="fl-20"/>
      </object_component>
      <object_component id="oc-220">
         <name>.const</name>
         <load_address>0x4750</load_address>
         <run_address>0x4750</run_address>
         <size>0x4</size>
         <input_file_ref idref="fl-a"/>
      </object_component>
      <object_component id="oc-35a">
         <name>__TI_handler_table</name>
         <load_address>0x4758</load_address>
         <run_address>0x4758</run_address>
         <size>0xc</size>
      </object_component>
      <object_component id="oc-35c">
         <name>.cinit..data.load</name>
         <load_address>0x4764</load_address>
         <run_address>0x4764</run_address>
         <size>0xb</size>
      </object_component>
      <object_component id="oc-35d">
         <name>.cinit..bss.load</name>
         <load_address>0x4770</load_address>
         <run_address>0x4770</run_address>
         <size>0x8</size>
      </object_component>
      <object_component id="oc-35b">
         <name>__TI_cinit_table</name>
         <load_address>0x4778</load_address>
         <run_address>0x4778</run_address>
         <size>0x10</size>
      </object_component>
      <object_component id="oc-d8">
         <name>.data</name>
         <load_address>0x20023414</load_address>
         <run_address>0x20023414</run_address>
         <size>0x4</size>
         <input_file_ref idref="fl-3"/>
      </object_component>
      <object_component id="oc-95">
         <name>.data</name>
         <load_address>0x2002340d</load_address>
         <run_address>0x2002340d</run_address>
         <size>0x2</size>
         <input_file_ref idref="fl-4"/>
      </object_component>
      <object_component id="oc-215">
         <name>.data</name>
         <load_address>0x20023408</load_address>
         <run_address>0x20023408</run_address>
         <size>0x5</size>
         <input_file_ref idref="fl-a"/>
      </object_component>
      <object_component id="oc-1c8">
         <name>.data</name>
         <load_address>0x20023418</load_address>
         <run_address>0x20023418</run_address>
         <size>0x2</size>
         <input_file_ref idref="fl-b"/>
      </object_component>
      <object_component id="oc-2c2">
         <name>.data</name>
         <load_address>0x20023410</load_address>
         <run_address>0x20023410</run_address>
         <size>0x4</size>
         <input_file_ref idref="fl-e6"/>
      </object_component>
      <object_component id="oc-90">
         <name>.common:dstBufferA</name>
         <uninitialized>true</uninitialized>
         <run_address>0x20020000</run_address>
         <size>0x1000</size>
      </object_component>
      <object_component id="oc-91">
         <name>.common:dstBufferB</name>
         <uninitialized>true</uninitialized>
         <run_address>0x20021000</run_address>
         <size>0x1000</size>
      </object_component>
      <object_component id="oc-8d">
         <name>.common:pui8ControlTable</name>
         <uninitialized>true</uninitialized>
         <run_address>0x20023000</run_address>
         <size>0x400</size>
      </object_component>
      <object_component id="oc-92">
         <name>.common:systemClock</name>
         <uninitialized>true</uninitialized>
         <run_address>0x20023404</run_address>
         <size>0x4</size>
      </object_component>
      <object_component id="oc-1d1">
         <name>.common:fftOutput</name>
         <uninitialized>true</uninitialized>
         <run_address>0x20022000</run_address>
         <size>0x1000</size>
      </object_component>
      <object_component id="oc-1ce">
         <name>.common:setFFTmaxFreqIndex</name>
         <uninitialized>true</uninitialized>
         <run_address>0x20023400</run_address>
         <size>0x4</size>
      </object_component>
      <object_component id="oc-25">
         <name>.stack</name>
         <uninitialized>true</uninitialized>
         <run_address>0x20000000</run_address>
         <size>0x4</size>
         <input_file_ref idref="fl-e7"/>
      </object_component>
      <object_component id="oc-35f">
         <name>.stack</name>
         <uninitialized>true</uninitialized>
         <run_address>0x20000000</run_address>
         <size>0x0</size>
      </object_component>
      <object_component id="oc-36">
         <name>.debug_info</name>
         <load_address>0x0</load_address>
         <run_address>0x0</run_address>
         <size>0x2c6</size>
         <input_file_ref idref="fl-2"/>
      </object_component>
      <object_component id="oc-14">
         <name>.debug_info</name>
         <load_address>0x2c6</load_address>
         <run_address>0x2c6</run_address>
         <size>0xf1</size>
         <input_file_ref idref="fl-2"/>
      </object_component>
      <object_component id="oc-29">
         <name>.debug_info</name>
         <load_address>0x3b7</load_address>
         <run_address>0x3b7</run_address>
         <size>0x1ce</size>
         <input_file_ref idref="fl-2"/>
      </object_component>
      <object_component id="oc-a0">
         <name>.debug_info</name>
         <load_address>0x585</load_address>
         <run_address>0x585</run_address>
         <size>0x26b</size>
         <input_file_ref idref="fl-2"/>
      </object_component>
      <object_component id="oc-3d">
         <name>.debug_info</name>
         <load_address>0x7f0</load_address>
         <run_address>0x7f0</run_address>
         <size>0x84</size>
         <input_file_ref idref="fl-2"/>
      </object_component>
      <object_component id="oc-fe">
         <name>.debug_info</name>
         <load_address>0x874</load_address>
         <run_address>0x874</run_address>
         <size>0x2a4</size>
         <input_file_ref idref="fl-2"/>
      </object_component>
      <object_component id="oc-26e">
         <name>.debug_info</name>
         <load_address>0xb18</load_address>
         <run_address>0xb18</run_address>
         <size>0xef</size>
         <input_file_ref idref="fl-2"/>
      </object_component>
      <object_component id="oc-99">
         <name>.debug_info</name>
         <load_address>0xc07</load_address>
         <run_address>0xc07</run_address>
         <size>0xbb</size>
         <input_file_ref idref="fl-2"/>
      </object_component>
      <object_component id="oc-171">
         <name>.debug_info</name>
         <load_address>0xcc2</load_address>
         <run_address>0xcc2</run_address>
         <size>0x758</size>
         <input_file_ref idref="fl-3"/>
      </object_component>
      <object_component id="oc-d9">
         <name>.debug_info</name>
         <load_address>0x141a</load_address>
         <run_address>0x141a</run_address>
         <size>0xea</size>
         <input_file_ref idref="fl-3"/>
      </object_component>
      <object_component id="oc-76">
         <name>.debug_info</name>
         <load_address>0x1504</load_address>
         <run_address>0x1504</run_address>
         <size>0x243</size>
         <input_file_ref idref="fl-3"/>
      </object_component>
      <object_component id="oc-eb">
         <name>.debug_info</name>
         <load_address>0x1747</load_address>
         <run_address>0x1747</run_address>
         <size>0x1028</size>
         <input_file_ref idref="fl-3"/>
      </object_component>
      <object_component id="oc-8e">
         <name>.debug_info</name>
         <load_address>0x276f</load_address>
         <run_address>0x276f</run_address>
         <size>0x926</size>
         <input_file_ref idref="fl-4"/>
      </object_component>
      <object_component id="oc-96">
         <name>.debug_info</name>
         <load_address>0x3095</load_address>
         <run_address>0x3095</run_address>
         <size>0xfe</size>
         <input_file_ref idref="fl-4"/>
      </object_component>
      <object_component id="oc-30">
         <name>.debug_info</name>
         <load_address>0x3193</load_address>
         <run_address>0x3193</run_address>
         <size>0x3df</size>
         <input_file_ref idref="fl-4"/>
      </object_component>
      <object_component id="oc-f5">
         <name>.debug_info</name>
         <load_address>0x3572</load_address>
         <run_address>0x3572</run_address>
         <size>0x186</size>
         <input_file_ref idref="fl-4"/>
      </object_component>
      <object_component id="oc-e2">
         <name>.debug_info</name>
         <load_address>0x36f8</load_address>
         <run_address>0x36f8</run_address>
         <size>0x8b</size>
         <input_file_ref idref="fl-4"/>
      </object_component>
      <object_component id="oc-f0">
         <name>.debug_info</name>
         <load_address>0x3783</load_address>
         <run_address>0x3783</run_address>
         <size>0x35</size>
         <input_file_ref idref="fl-4"/>
      </object_component>
      <object_component id="oc-120">
         <name>.debug_info</name>
         <load_address>0x37b8</load_address>
         <run_address>0x37b8</run_address>
         <size>0x25c</size>
         <input_file_ref idref="fl-5"/>
      </object_component>
      <object_component id="oc-c8">
         <name>.debug_info</name>
         <load_address>0x3a14</load_address>
         <run_address>0x3a14</run_address>
         <size>0x164</size>
         <input_file_ref idref="fl-7"/>
      </object_component>
      <object_component id="oc-225">
         <name>.debug_info</name>
         <load_address>0x3b78</load_address>
         <run_address>0x3b78</run_address>
         <size>0x2c</size>
         <input_file_ref idref="fl-7"/>
      </object_component>
      <object_component id="oc-93">
         <name>.debug_info</name>
         <load_address>0x3ba4</load_address>
         <run_address>0x3ba4</run_address>
         <size>0x837</size>
         <input_file_ref idref="fl-8"/>
      </object_component>
      <object_component id="oc-114">
         <name>.debug_info</name>
         <load_address>0x43db</load_address>
         <run_address>0x43db</run_address>
         <size>0x1fe</size>
         <input_file_ref idref="fl-8"/>
      </object_component>
      <object_component id="oc-11b">
         <name>.debug_info</name>
         <load_address>0x45d9</load_address>
         <run_address>0x45d9</run_address>
         <size>0x182</size>
         <input_file_ref idref="fl-9"/>
      </object_component>
      <object_component id="oc-224">
         <name>.debug_info</name>
         <load_address>0x475b</load_address>
         <run_address>0x475b</run_address>
         <size>0x7db</size>
         <input_file_ref idref="fl-a"/>
      </object_component>
      <object_component id="oc-216">
         <name>.debug_info</name>
         <load_address>0x4f36</load_address>
         <run_address>0x4f36</run_address>
         <size>0xd7</size>
         <input_file_ref idref="fl-a"/>
      </object_component>
      <object_component id="oc-221">
         <name>.debug_info</name>
         <load_address>0x500d</load_address>
         <run_address>0x500d</run_address>
         <size>0xd0</size>
         <input_file_ref idref="fl-a"/>
      </object_component>
      <object_component id="oc-219">
         <name>.debug_info</name>
         <load_address>0x50dd</load_address>
         <run_address>0x50dd</run_address>
         <size>0xde</size>
         <input_file_ref idref="fl-a"/>
      </object_component>
      <object_component id="oc-213">
         <name>.debug_info</name>
         <load_address>0x51bb</load_address>
         <run_address>0x51bb</run_address>
         <size>0xe2</size>
         <input_file_ref idref="fl-a"/>
      </object_component>
      <object_component id="oc-180">
         <name>.debug_info</name>
         <load_address>0x529d</load_address>
         <run_address>0x529d</run_address>
         <size>0x72e</size>
         <input_file_ref idref="fl-a"/>
      </object_component>
      <object_component id="oc-1cf">
         <name>.debug_info</name>
         <load_address>0x59cb</load_address>
         <run_address>0x59cb</run_address>
         <size>0xada</size>
         <input_file_ref idref="fl-b"/>
      </object_component>
      <object_component id="oc-1c9">
         <name>.debug_info</name>
         <load_address>0x64a5</load_address>
         <run_address>0x64a5</run_address>
         <size>0xd1</size>
         <input_file_ref idref="fl-b"/>
      </object_component>
      <object_component id="oc-127">
         <name>.debug_info</name>
         <load_address>0x6576</load_address>
         <run_address>0x6576</run_address>
         <size>0x749</size>
         <input_file_ref idref="fl-b"/>
      </object_component>
      <object_component id="oc-1d3">
         <name>.debug_info</name>
         <load_address>0x6cbf</load_address>
         <run_address>0x6cbf</run_address>
         <size>0x24d4</size>
         <input_file_ref idref="fl-b"/>
      </object_component>
      <object_component id="oc-26b">
         <name>.debug_info</name>
         <load_address>0x9193</load_address>
         <run_address>0x9193</run_address>
         <size>0x186a</size>
         <input_file_ref idref="fl-17"/>
      </object_component>
      <object_component id="oc-1cc">
         <name>.debug_info</name>
         <load_address>0xa9fd</load_address>
         <run_address>0xa9fd</run_address>
         <size>0x144</size>
         <input_file_ref idref="fl-17"/>
      </object_component>
      <object_component id="oc-10a">
         <name>.debug_info</name>
         <load_address>0xab41</load_address>
         <run_address>0xab41</run_address>
         <size>0x2c</size>
         <input_file_ref idref="fl-17"/>
      </object_component>
      <object_component id="oc-25d">
         <name>.debug_info</name>
         <load_address>0xab6d</load_address>
         <run_address>0xab6d</run_address>
         <size>0x48d</size>
         <input_file_ref idref="fl-18"/>
      </object_component>
      <object_component id="oc-2f4">
         <name>.debug_info</name>
         <load_address>0xaffa</load_address>
         <run_address>0xaffa</run_address>
         <size>0x1e1</size>
         <input_file_ref idref="fl-18"/>
      </object_component>
      <object_component id="oc-2ee">
         <name>.debug_info</name>
         <load_address>0xb1db</load_address>
         <run_address>0xb1db</run_address>
         <size>0x1e7</size>
         <input_file_ref idref="fl-18"/>
      </object_component>
      <object_component id="oc-2fa">
         <name>.debug_info</name>
         <load_address>0xb3c2</load_address>
         <run_address>0xb3c2</run_address>
         <size>0x20c</size>
         <input_file_ref idref="fl-18"/>
      </object_component>
      <object_component id="oc-1b7">
         <name>.debug_info</name>
         <load_address>0xb5ce</load_address>
         <run_address>0xb5ce</run_address>
         <size>0x338</size>
         <input_file_ref idref="fl-18"/>
      </object_component>
      <object_component id="oc-255">
         <name>.debug_info</name>
         <load_address>0xb906</load_address>
         <run_address>0xb906</run_address>
         <size>0x3de</size>
         <input_file_ref idref="fl-18"/>
      </object_component>
      <object_component id="oc-249">
         <name>.debug_info</name>
         <load_address>0xbce4</load_address>
         <run_address>0xbce4</run_address>
         <size>0x3fe</size>
         <input_file_ref idref="fl-18"/>
      </object_component>
      <object_component id="oc-2e9">
         <name>.debug_info</name>
         <load_address>0xc0e2</load_address>
         <run_address>0xc0e2</run_address>
         <size>0x3eb</size>
         <input_file_ref idref="fl-19"/>
      </object_component>
      <object_component id="oc-2d2">
         <name>.debug_info</name>
         <load_address>0xc4cd</load_address>
         <run_address>0xc4cd</run_address>
         <size>0x1e8</size>
         <input_file_ref idref="fl-19"/>
      </object_component>
      <object_component id="oc-2e4">
         <name>.debug_info</name>
         <load_address>0xc6b5</load_address>
         <run_address>0xc6b5</run_address>
         <size>0x1ee</size>
         <input_file_ref idref="fl-19"/>
      </object_component>
      <object_component id="oc-2d9">
         <name>.debug_info</name>
         <load_address>0xc8a3</load_address>
         <run_address>0xc8a3</run_address>
         <size>0x213</size>
         <input_file_ref idref="fl-19"/>
      </object_component>
      <object_component id="oc-2df">
         <name>.debug_info</name>
         <load_address>0xcab6</load_address>
         <run_address>0xcab6</run_address>
         <size>0x20d</size>
         <input_file_ref idref="fl-19"/>
      </object_component>
      <object_component id="oc-24e">
         <name>.debug_info</name>
         <load_address>0xccc3</load_address>
         <run_address>0xccc3</run_address>
         <size>0x6cc</size>
         <input_file_ref idref="fl-19"/>
      </object_component>
      <object_component id="oc-242">
         <name>.debug_info</name>
         <load_address>0xd38f</load_address>
         <run_address>0xd38f</run_address>
         <size>0x6de</size>
         <input_file_ref idref="fl-19"/>
      </object_component>
      <object_component id="oc-25a">
         <name>.debug_info</name>
         <load_address>0xda6d</load_address>
         <run_address>0xda6d</run_address>
         <size>0x199</size>
         <input_file_ref idref="fl-1a"/>
      </object_component>
      <object_component id="oc-304">
         <name>.debug_info</name>
         <load_address>0xdc06</load_address>
         <run_address>0xdc06</run_address>
         <size>0x818</size>
         <input_file_ref idref="fl-1b"/>
      </object_component>
      <object_component id="oc-264">
         <name>.debug_info</name>
         <load_address>0xe41e</load_address>
         <run_address>0xe41e</run_address>
         <size>0x13e</size>
         <input_file_ref idref="fl-1b"/>
      </object_component>
      <object_component id="oc-267">
         <name>.debug_info</name>
         <load_address>0xe55c</load_address>
         <run_address>0xe55c</run_address>
         <size>0x152</size>
         <input_file_ref idref="fl-1b"/>
      </object_component>
      <object_component id="oc-1f8">
         <name>.debug_info</name>
         <load_address>0xe6ae</load_address>
         <run_address>0xe6ae</run_address>
         <size>0x889</size>
         <input_file_ref idref="fl-1d"/>
      </object_component>
      <object_component id="oc-82">
         <name>.debug_info</name>
         <load_address>0xef37</load_address>
         <run_address>0xef37</run_address>
         <size>0x2b9</size>
         <input_file_ref idref="fl-1d"/>
      </object_component>
      <object_component id="oc-88">
         <name>.debug_info</name>
         <load_address>0xf1f0</load_address>
         <run_address>0xf1f0</run_address>
         <size>0x20f</size>
         <input_file_ref idref="fl-1d"/>
      </object_component>
      <object_component id="oc-29b">
         <name>.debug_info</name>
         <load_address>0xf3ff</load_address>
         <run_address>0xf3ff</run_address>
         <size>0x26b</size>
         <input_file_ref idref="fl-1d"/>
      </object_component>
      <object_component id="oc-296">
         <name>.debug_info</name>
         <load_address>0xf66a</load_address>
         <run_address>0xf66a</run_address>
         <size>0x1028</size>
         <input_file_ref idref="fl-1d"/>
      </object_component>
      <object_component id="oc-16c">
         <name>.debug_info</name>
         <load_address>0x10692</load_address>
         <run_address>0x10692</run_address>
         <size>0x297</size>
         <input_file_ref idref="fl-1d"/>
      </object_component>
      <object_component id="oc-2a4">
         <name>.debug_info</name>
         <load_address>0x10929</load_address>
         <run_address>0x10929</run_address>
         <size>0xef</size>
         <input_file_ref idref="fl-1d"/>
      </object_component>
      <object_component id="oc-dd">
         <name>.debug_info</name>
         <load_address>0x10a18</load_address>
         <run_address>0x10a18</run_address>
         <size>0xbb</size>
         <input_file_ref idref="fl-1d"/>
      </object_component>
      <object_component id="oc-18d">
         <name>.debug_info</name>
         <load_address>0x10ad3</load_address>
         <run_address>0x10ad3</run_address>
         <size>0x29d</size>
         <input_file_ref idref="fl-1e"/>
      </object_component>
      <object_component id="oc-2ac">
         <name>.debug_info</name>
         <load_address>0x10d70</load_address>
         <run_address>0x10d70</run_address>
         <size>0x3de</size>
         <input_file_ref idref="fl-20"/>
      </object_component>
      <object_component id="oc-208">
         <name>.debug_info</name>
         <load_address>0x1114e</load_address>
         <run_address>0x1114e</run_address>
         <size>0x12b</size>
         <input_file_ref idref="fl-20"/>
      </object_component>
      <object_component id="oc-20e">
         <name>.debug_info</name>
         <load_address>0x11279</load_address>
         <run_address>0x11279</run_address>
         <size>0x137</size>
         <input_file_ref idref="fl-20"/>
      </object_component>
      <object_component id="oc-2a1">
         <name>.debug_info</name>
         <load_address>0x113b0</load_address>
         <run_address>0x113b0</run_address>
         <size>0x131</size>
         <input_file_ref idref="fl-20"/>
      </object_component>
      <object_component id="oc-20b">
         <name>.debug_info</name>
         <load_address>0x114e1</load_address>
         <run_address>0x114e1</run_address>
         <size>0x13e</size>
         <input_file_ref idref="fl-20"/>
      </object_component>
      <object_component id="oc-1fe">
         <name>.debug_info</name>
         <load_address>0x1161f</load_address>
         <run_address>0x1161f</run_address>
         <size>0x208</size>
         <input_file_ref idref="fl-20"/>
      </object_component>
      <object_component id="oc-204">
         <name>.debug_info</name>
         <load_address>0x11827</load_address>
         <run_address>0x11827</run_address>
         <size>0x289</size>
         <input_file_ref idref="fl-20"/>
      </object_component>
      <object_component id="oc-189">
         <name>.debug_info</name>
         <load_address>0x11ab0</load_address>
         <run_address>0x11ab0</run_address>
         <size>0x202</size>
         <input_file_ref idref="fl-20"/>
      </object_component>
      <object_component id="oc-174">
         <name>.debug_info</name>
         <load_address>0x11cb2</load_address>
         <run_address>0x11cb2</run_address>
         <size>0x3c7</size>
         <input_file_ref idref="fl-20"/>
      </object_component>
      <object_component id="oc-31c">
         <name>.debug_info</name>
         <load_address>0x12079</load_address>
         <run_address>0x12079</run_address>
         <size>0x51</size>
         <input_file_ref idref="fl-20"/>
      </object_component>
      <object_component id="oc-179">
         <name>.debug_info</name>
         <load_address>0x120ca</load_address>
         <run_address>0x120ca</run_address>
         <size>0x1ad</size>
         <input_file_ref idref="fl-21"/>
      </object_component>
      <object_component id="oc-7c">
         <name>.debug_info</name>
         <load_address>0x12277</load_address>
         <run_address>0x12277</run_address>
         <size>0x25b</size>
         <input_file_ref idref="fl-22"/>
      </object_component>
      <object_component id="oc-23b">
         <name>.debug_info</name>
         <load_address>0x124d2</load_address>
         <run_address>0x124d2</run_address>
         <size>0x2c5</size>
         <input_file_ref idref="fl-d9"/>
      </object_component>
      <object_component id="oc-1a0">
         <name>.debug_info</name>
         <load_address>0x12797</load_address>
         <run_address>0x12797</run_address>
         <size>0x24e</size>
         <input_file_ref idref="fl-d9"/>
      </object_component>
      <object_component id="oc-2c9">
         <name>.debug_info</name>
         <load_address>0x129e5</load_address>
         <run_address>0x129e5</run_address>
         <size>0x46</size>
         <input_file_ref idref="fl-d9"/>
      </object_component>
      <object_component id="oc-236">
         <name>.debug_info</name>
         <load_address>0x12a2b</load_address>
         <run_address>0x12a2b</run_address>
         <size>0x39</size>
         <input_file_ref idref="fl-d9"/>
      </object_component>
      <object_component id="oc-233">
         <name>.debug_info</name>
         <load_address>0x12a64</load_address>
         <run_address>0x12a64</run_address>
         <size>0x2c1</size>
         <input_file_ref idref="fl-da"/>
      </object_component>
      <object_component id="oc-195">
         <name>.debug_info</name>
         <load_address>0x12d25</load_address>
         <run_address>0x12d25</run_address>
         <size>0x171</size>
         <input_file_ref idref="fl-da"/>
      </object_component>
      <object_component id="oc-1c0">
         <name>.debug_info</name>
         <load_address>0x12e96</load_address>
         <run_address>0x12e96</run_address>
         <size>0x14c</size>
         <input_file_ref idref="fl-db"/>
      </object_component>
      <object_component id="oc-1a6">
         <name>.debug_info</name>
         <load_address>0x12fe2</load_address>
         <run_address>0x12fe2</run_address>
         <size>0x13a</size>
         <input_file_ref idref="fl-dc"/>
      </object_component>
      <object_component id="oc-1ab">
         <name>.debug_info</name>
         <load_address>0x1311c</load_address>
         <run_address>0x1311c</run_address>
         <size>0x13a</size>
         <input_file_ref idref="fl-dd"/>
      </object_component>
      <object_component id="oc-1c6">
         <name>.debug_info</name>
         <load_address>0x13256</load_address>
         <run_address>0x13256</run_address>
         <size>0x12e</size>
         <input_file_ref idref="fl-de"/>
      </object_component>
      <object_component id="oc-1af">
         <name>.debug_info</name>
         <load_address>0x13384</load_address>
         <run_address>0x13384</run_address>
         <size>0x13e</size>
         <input_file_ref idref="fl-df"/>
      </object_component>
      <object_component id="oc-19c">
         <name>.debug_info</name>
         <load_address>0x134c2</load_address>
         <run_address>0x134c2</run_address>
         <size>0x12c</size>
         <input_file_ref idref="fl-e0"/>
      </object_component>
      <object_component id="oc-1ba">
         <name>.debug_info</name>
         <load_address>0x135ee</load_address>
         <run_address>0x135ee</run_address>
         <size>0x12c</size>
         <input_file_ref idref="fl-e1"/>
      </object_component>
      <object_component id="oc-21d">
         <name>.debug_info</name>
         <load_address>0x1371a</load_address>
         <run_address>0x1371a</run_address>
         <size>0x142</size>
         <input_file_ref idref="fl-e2"/>
      </object_component>
      <object_component id="oc-b9">
         <name>.debug_info</name>
         <load_address>0x1385c</load_address>
         <run_address>0x1385c</run_address>
         <size>0x2d4</size>
         <input_file_ref idref="fl-e3"/>
      </object_component>
      <object_component id="oc-56">
         <name>.debug_info</name>
         <load_address>0x13b30</load_address>
         <run_address>0x13b30</run_address>
         <size>0x1b5</size>
         <input_file_ref idref="fl-e3"/>
      </object_component>
      <object_component id="oc-b4">
         <name>.debug_info</name>
         <load_address>0x13ce5</load_address>
         <run_address>0x13ce5</run_address>
         <size>0x46</size>
         <input_file_ref idref="fl-e3"/>
      </object_component>
      <object_component id="oc-4d">
         <name>.debug_info</name>
         <load_address>0x13d2b</load_address>
         <run_address>0x13d2b</run_address>
         <size>0x2a8</size>
         <input_file_ref idref="fl-e4"/>
      </object_component>
      <object_component id="oc-1d">
         <name>.debug_info</name>
         <load_address>0x13fd3</load_address>
         <run_address>0x13fd3</run_address>
         <size>0x1ea</size>
         <input_file_ref idref="fl-e4"/>
      </object_component>
      <object_component id="oc-48">
         <name>.debug_info</name>
         <load_address>0x141bd</load_address>
         <run_address>0x141bd</run_address>
         <size>0x46</size>
         <input_file_ref idref="fl-e4"/>
      </object_component>
      <object_component id="oc-ac">
         <name>.debug_info</name>
         <load_address>0x14203</load_address>
         <run_address>0x14203</run_address>
         <size>0x2c</size>
         <input_file_ref idref="fl-e4"/>
      </object_component>
      <object_component id="oc-aa">
         <name>.debug_info</name>
         <load_address>0x1422f</load_address>
         <run_address>0x1422f</run_address>
         <size>0x29e</size>
         <input_file_ref idref="fl-e5"/>
      </object_component>
      <object_component id="oc-17">
         <name>.debug_info</name>
         <load_address>0x144cd</load_address>
         <run_address>0x144cd</run_address>
         <size>0x250</size>
         <input_file_ref idref="fl-e5"/>
      </object_component>
      <object_component id="oc-38">
         <name>.debug_info</name>
         <load_address>0x1471d</load_address>
         <run_address>0x1471d</run_address>
         <size>0x60</size>
         <input_file_ref idref="fl-e5"/>
      </object_component>
      <object_component id="oc-103">
         <name>.debug_info</name>
         <load_address>0x1477d</load_address>
         <run_address>0x1477d</run_address>
         <size>0x46</size>
         <input_file_ref idref="fl-e5"/>
      </object_component>
      <object_component id="oc-a5">
         <name>.debug_info</name>
         <load_address>0x147c3</load_address>
         <run_address>0x147c3</run_address>
         <size>0x39</size>
         <input_file_ref idref="fl-e5"/>
      </object_component>
      <object_component id="oc-2c6">
         <name>.debug_info</name>
         <load_address>0x147fc</load_address>
         <run_address>0x147fc</run_address>
         <size>0x289</size>
         <input_file_ref idref="fl-e6"/>
      </object_component>
      <object_component id="oc-2c3">
         <name>.debug_info</name>
         <load_address>0x14a85</load_address>
         <run_address>0x14a85</run_address>
         <size>0x10e</size>
         <input_file_ref idref="fl-e6"/>
      </object_component>
      <object_component id="oc-22d">
         <name>.debug_info</name>
         <load_address>0x14b93</load_address>
         <run_address>0x14b93</run_address>
         <size>0x14e</size>
         <input_file_ref idref="fl-e6"/>
      </object_component>
      <object_component id="oc-26">
         <name>.debug_info</name>
         <load_address>0x14ce1</load_address>
         <run_address>0x14ce1</run_address>
         <size>0x10b</size>
         <input_file_ref idref="fl-e7"/>
      </object_component>
      <object_component id="oc-64">
         <name>.debug_info</name>
         <load_address>0x14dec</load_address>
         <run_address>0x14dec</run_address>
         <size>0x1a9</size>
         <input_file_ref idref="fl-e7"/>
      </object_component>
      <object_component id="oc-2b8">
         <name>.debug_info</name>
         <load_address>0x14f95</load_address>
         <run_address>0x14f95</run_address>
         <size>0x115</size>
         <input_file_ref idref="fl-e8"/>
      </object_component>
      <object_component id="oc-43">
         <name>.debug_info</name>
         <load_address>0x150aa</load_address>
         <run_address>0x150aa</run_address>
         <size>0x119</size>
         <input_file_ref idref="fl-e9"/>
      </object_component>
      <object_component id="oc-bb">
         <name>.debug_info</name>
         <load_address>0x151c3</load_address>
         <run_address>0x151c3</run_address>
         <size>0x147</size>
         <input_file_ref idref="fl-ea"/>
      </object_component>
      <object_component id="oc-1e3">
         <name>.debug_info</name>
         <load_address>0x1530a</load_address>
         <run_address>0x1530a</run_address>
         <size>0x4b3</size>
         <input_file_ref idref="fl-eb"/>
      </object_component>
      <object_component id="oc-139">
         <name>.debug_info</name>
         <load_address>0x157bd</load_address>
         <run_address>0x157bd</run_address>
         <size>0x1a6</size>
         <input_file_ref idref="fl-eb"/>
      </object_component>
      <object_component id="oc-283">
         <name>.debug_info</name>
         <load_address>0x15963</load_address>
         <run_address>0x15963</run_address>
         <size>0x39</size>
         <input_file_ref idref="fl-eb"/>
      </object_component>
      <object_component id="oc-30c">
         <name>.debug_info</name>
         <load_address>0x1599c</load_address>
         <run_address>0x1599c</run_address>
         <size>0x39</size>
         <input_file_ref idref="fl-eb"/>
      </object_component>
      <object_component id="oc-288">
         <name>.debug_info</name>
         <load_address>0x159d5</load_address>
         <run_address>0x159d5</run_address>
         <size>0x39</size>
         <input_file_ref idref="fl-eb"/>
      </object_component>
      <object_component id="oc-28d">
         <name>.debug_info</name>
         <load_address>0x15a0e</load_address>
         <run_address>0x15a0e</run_address>
         <size>0xcd</size>
         <input_file_ref idref="fl-eb"/>
      </object_component>
      <object_component id="oc-c1">
         <name>.debug_info</name>
         <load_address>0x15adb</load_address>
         <run_address>0x15adb</run_address>
         <size>0x153</size>
         <input_file_ref idref="fl-ec"/>
      </object_component>
      <object_component id="oc-12e">
         <name>.debug_info</name>
         <load_address>0x15c2e</load_address>
         <run_address>0x15c2e</run_address>
         <size>0x122</size>
         <input_file_ref idref="fl-ee"/>
      </object_component>
      <object_component id="oc-360">
         <name>.debug_info</name>
         <load_address>0x15d50</load_address>
         <run_address>0x15d50</run_address>
         <size>0x99</size>
      </object_component>
      <object_component id="oc-9f">
         <name>.debug_line</name>
         <load_address>0x0</load_address>
         <run_address>0x0</run_address>
         <size>0x44</size>
         <input_file_ref idref="fl-2"/>
      </object_component>
      <object_component id="oc-35">
         <name>.debug_line</name>
         <load_address>0x44</load_address>
         <run_address>0x44</run_address>
         <size>0x44</size>
         <input_file_ref idref="fl-2"/>
      </object_component>
      <object_component id="oc-2c">
         <name>.debug_line</name>
         <load_address>0x88</load_address>
         <run_address>0x88</run_address>
         <size>0x75</size>
         <input_file_ref idref="fl-2"/>
      </object_component>
      <object_component id="oc-a3">
         <name>.debug_line</name>
         <load_address>0xfd</load_address>
         <run_address>0xfd</run_address>
         <size>0x6f</size>
         <input_file_ref idref="fl-2"/>
      </object_component>
      <object_component id="oc-40">
         <name>.debug_line</name>
         <load_address>0x16c</load_address>
         <run_address>0x16c</run_address>
         <size>0x20</size>
         <input_file_ref idref="fl-2"/>
      </object_component>
      <object_component id="oc-101">
         <name>.debug_line</name>
         <load_address>0x18c</load_address>
         <run_address>0x18c</run_address>
         <size>0x73</size>
         <input_file_ref idref="fl-2"/>
      </object_component>
      <object_component id="oc-271">
         <name>.debug_line</name>
         <load_address>0x1ff</load_address>
         <run_address>0x1ff</run_address>
         <size>0x6f</size>
         <input_file_ref idref="fl-2"/>
      </object_component>
      <object_component id="oc-9c">
         <name>.debug_line</name>
         <load_address>0x26e</load_address>
         <run_address>0x26e</run_address>
         <size>0x70</size>
         <input_file_ref idref="fl-2"/>
      </object_component>
      <object_component id="oc-1fa">
         <name>.debug_line</name>
         <load_address>0x2de</load_address>
         <run_address>0x2de</run_address>
         <size>0x20</size>
         <input_file_ref idref="fl-3"/>
      </object_component>
      <object_component id="oc-16b">
         <name>.debug_line</name>
         <load_address>0x2fe</load_address>
         <run_address>0x2fe</run_address>
         <size>0x3f</size>
         <input_file_ref idref="fl-3"/>
      </object_component>
      <object_component id="oc-75">
         <name>.debug_line</name>
         <load_address>0x33d</load_address>
         <run_address>0x33d</run_address>
         <size>0x94</size>
         <input_file_ref idref="fl-3"/>
      </object_component>
      <object_component id="oc-ee">
         <name>.debug_line</name>
         <load_address>0x3d1</load_address>
         <run_address>0x3d1</run_address>
         <size>0x78</size>
         <input_file_ref idref="fl-3"/>
      </object_component>
      <object_component id="oc-ea">
         <name>.debug_line</name>
         <load_address>0x449</load_address>
         <run_address>0x449</run_address>
         <size>0x11e</size>
         <input_file_ref idref="fl-4"/>
      </object_component>
      <object_component id="oc-fd">
         <name>.debug_line</name>
         <load_address>0x567</load_address>
         <run_address>0x567</run_address>
         <size>0x30</size>
         <input_file_ref idref="fl-4"/>
      </object_component>
      <object_component id="oc-2f">
         <name>.debug_line</name>
         <load_address>0x597</load_address>
         <run_address>0x597</run_address>
         <size>0xd8</size>
         <input_file_ref idref="fl-4"/>
      </object_component>
      <object_component id="oc-f8">
         <name>.debug_line</name>
         <load_address>0x66f</load_address>
         <run_address>0x66f</run_address>
         <size>0x78</size>
         <input_file_ref idref="fl-4"/>
      </object_component>
      <object_component id="oc-e5">
         <name>.debug_line</name>
         <load_address>0x6e7</load_address>
         <run_address>0x6e7</run_address>
         <size>0x20</size>
         <input_file_ref idref="fl-4"/>
      </object_component>
      <object_component id="oc-f3">
         <name>.debug_line</name>
         <load_address>0x707</load_address>
         <run_address>0x707</run_address>
         <size>0x72</size>
         <input_file_ref idref="fl-4"/>
      </object_component>
      <object_component id="oc-124">
         <name>.debug_line</name>
         <load_address>0x779</load_address>
         <run_address>0x779</run_address>
         <size>0x98</size>
         <input_file_ref idref="fl-5"/>
      </object_component>
      <object_component id="oc-c7">
         <name>.debug_line</name>
         <load_address>0x811</load_address>
         <run_address>0x811</run_address>
         <size>0x5a</size>
         <input_file_ref idref="fl-7"/>
      </object_component>
      <object_component id="oc-228">
         <name>.debug_line</name>
         <load_address>0x86b</load_address>
         <run_address>0x86b</run_address>
         <size>0x6b</size>
         <input_file_ref idref="fl-7"/>
      </object_component>
      <object_component id="oc-fb">
         <name>.debug_line</name>
         <load_address>0x8d6</load_address>
         <run_address>0x8d6</run_address>
         <size>0xed</size>
         <input_file_ref idref="fl-8"/>
      </object_component>
      <object_component id="oc-118">
         <name>.debug_line</name>
         <load_address>0x9c3</load_address>
         <run_address>0x9c3</run_address>
         <size>0x6f</size>
         <input_file_ref idref="fl-8"/>
      </object_component>
      <object_component id="oc-11e">
         <name>.debug_line</name>
         <load_address>0xa32</load_address>
         <run_address>0xa32</run_address>
         <size>0x4b</size>
         <input_file_ref idref="fl-9"/>
      </object_component>
      <object_component id="oc-2c1">
         <name>.debug_line</name>
         <load_address>0xa7d</load_address>
         <run_address>0xa7d</run_address>
         <size>0x20</size>
         <input_file_ref idref="fl-a"/>
      </object_component>
      <object_component id="oc-2b4">
         <name>.debug_line</name>
         <load_address>0xa9d</load_address>
         <run_address>0xa9d</run_address>
         <size>0x36</size>
         <input_file_ref idref="fl-a"/>
      </object_component>
      <object_component id="oc-2bf">
         <name>.debug_line</name>
         <load_address>0xad3</load_address>
         <run_address>0xad3</run_address>
         <size>0x36</size>
         <input_file_ref idref="fl-a"/>
      </object_component>
      <object_component id="oc-2b6">
         <name>.debug_line</name>
         <load_address>0xb09</load_address>
         <run_address>0xb09</run_address>
         <size>0x36</size>
         <input_file_ref idref="fl-a"/>
      </object_component>
      <object_component id="oc-2b2">
         <name>.debug_line</name>
         <load_address>0xb3f</load_address>
         <run_address>0xb3f</run_address>
         <size>0x36</size>
         <input_file_ref idref="fl-a"/>
      </object_component>
      <object_component id="oc-183">
         <name>.debug_line</name>
         <load_address>0xb75</load_address>
         <run_address>0xb75</run_address>
         <size>0x288</size>
         <input_file_ref idref="fl-a"/>
      </object_component>
      <object_component id="oc-26d">
         <name>.debug_line</name>
         <load_address>0xdfd</load_address>
         <run_address>0xdfd</run_address>
         <size>0x1b6</size>
         <input_file_ref idref="fl-b"/>
      </object_component>
      <object_component id="oc-262">
         <name>.debug_line</name>
         <load_address>0xfb3</load_address>
         <run_address>0xfb3</run_address>
         <size>0x32</size>
         <input_file_ref idref="fl-b"/>
      </object_component>
      <object_component id="oc-126">
         <name>.debug_line</name>
         <load_address>0xfe5</load_address>
         <run_address>0xfe5</run_address>
         <size>0x1af</size>
         <input_file_ref idref="fl-b"/>
      </object_component>
      <object_component id="oc-1d6">
         <name>.debug_line</name>
         <load_address>0x1194</load_address>
         <run_address>0x1194</run_address>
         <size>0x80</size>
         <input_file_ref idref="fl-b"/>
      </object_component>
      <object_component id="oc-308">
         <name>.debug_line</name>
         <load_address>0x1214</load_address>
         <run_address>0x1214</run_address>
         <size>0x60</size>
         <input_file_ref idref="fl-17"/>
      </object_component>
      <object_component id="oc-26a">
         <name>.debug_line</name>
         <load_address>0x1274</load_address>
         <run_address>0x1274</run_address>
         <size>0x6c</size>
         <input_file_ref idref="fl-17"/>
      </object_component>
      <object_component id="oc-10d">
         <name>.debug_line</name>
         <load_address>0x12e0</load_address>
         <run_address>0x12e0</run_address>
         <size>0x4d</size>
         <input_file_ref idref="fl-17"/>
      </object_component>
      <object_component id="oc-301">
         <name>.debug_line</name>
         <load_address>0x132d</load_address>
         <run_address>0x132d</run_address>
         <size>0x6d</size>
         <input_file_ref idref="fl-18"/>
      </object_component>
      <object_component id="oc-2f2">
         <name>.debug_line</name>
         <load_address>0x139a</load_address>
         <run_address>0x139a</run_address>
         <size>0x70</size>
         <input_file_ref idref="fl-18"/>
      </object_component>
      <object_component id="oc-2ec">
         <name>.debug_line</name>
         <load_address>0x140a</load_address>
         <run_address>0x140a</run_address>
         <size>0x73</size>
         <input_file_ref idref="fl-18"/>
      </object_component>
      <object_component id="oc-2f9">
         <name>.debug_line</name>
         <load_address>0x147d</load_address>
         <run_address>0x147d</run_address>
         <size>0x75</size>
         <input_file_ref idref="fl-18"/>
      </object_component>
      <object_component id="oc-1b5">
         <name>.debug_line</name>
         <load_address>0x14f2</load_address>
         <run_address>0x14f2</run_address>
         <size>0xad</size>
         <input_file_ref idref="fl-18"/>
      </object_component>
      <object_component id="oc-253">
         <name>.debug_line</name>
         <load_address>0x159f</load_address>
         <run_address>0x159f</run_address>
         <size>0xe9</size>
         <input_file_ref idref="fl-18"/>
      </object_component>
      <object_component id="oc-247">
         <name>.debug_line</name>
         <load_address>0x1688</load_address>
         <run_address>0x1688</run_address>
         <size>0xe9</size>
         <input_file_ref idref="fl-18"/>
      </object_component>
      <object_component id="oc-32a">
         <name>.debug_line</name>
         <load_address>0x1771</load_address>
         <run_address>0x1771</run_address>
         <size>0x74</size>
         <input_file_ref idref="fl-19"/>
      </object_component>
      <object_component id="oc-2d5">
         <name>.debug_line</name>
         <load_address>0x17e5</load_address>
         <run_address>0x17e5</run_address>
         <size>0x70</size>
         <input_file_ref idref="fl-19"/>
      </object_component>
      <object_component id="oc-2e7">
         <name>.debug_line</name>
         <load_address>0x1855</load_address>
         <run_address>0x1855</run_address>
         <size>0x73</size>
         <input_file_ref idref="fl-19"/>
      </object_component>
      <object_component id="oc-2db">
         <name>.debug_line</name>
         <load_address>0x18c8</load_address>
         <run_address>0x18c8</run_address>
         <size>0x75</size>
         <input_file_ref idref="fl-19"/>
      </object_component>
      <object_component id="oc-2e1">
         <name>.debug_line</name>
         <load_address>0x193d</load_address>
         <run_address>0x193d</run_address>
         <size>0x72</size>
         <input_file_ref idref="fl-19"/>
      </object_component>
      <object_component id="oc-250">
         <name>.debug_line</name>
         <load_address>0x19af</load_address>
         <run_address>0x19af</run_address>
         <size>0x20d</size>
         <input_file_ref idref="fl-19"/>
      </object_component>
      <object_component id="oc-244">
         <name>.debug_line</name>
         <load_address>0x1bbc</load_address>
         <run_address>0x1bbc</run_address>
         <size>0x221</size>
         <input_file_ref idref="fl-19"/>
      </object_component>
      <object_component id="oc-258">
         <name>.debug_line</name>
         <load_address>0x1ddd</load_address>
         <run_address>0x1ddd</run_address>
         <size>0xcd</size>
         <input_file_ref idref="fl-1a"/>
      </object_component>
      <object_component id="oc-32f">
         <name>.debug_line</name>
         <load_address>0x1eaa</load_address>
         <run_address>0x1eaa</run_address>
         <size>0x20</size>
         <input_file_ref idref="fl-1b"/>
      </object_component>
      <object_component id="oc-303">
         <name>.debug_line</name>
         <load_address>0x1eca</load_address>
         <run_address>0x1eca</run_address>
         <size>0x6c</size>
         <input_file_ref idref="fl-1b"/>
      </object_component>
      <object_component id="oc-306">
         <name>.debug_line</name>
         <load_address>0x1f36</load_address>
         <run_address>0x1f36</run_address>
         <size>0x6c</size>
         <input_file_ref idref="fl-1b"/>
      </object_component>
      <object_component id="oc-295">
         <name>.debug_line</name>
         <load_address>0x1fa2</load_address>
         <run_address>0x1fa2</run_address>
         <size>0x54</size>
         <input_file_ref idref="fl-1d"/>
      </object_component>
      <object_component id="oc-85">
         <name>.debug_line</name>
         <load_address>0x1ff6</load_address>
         <run_address>0x1ff6</run_address>
         <size>0x81</size>
         <input_file_ref idref="fl-1d"/>
      </object_component>
      <object_component id="oc-8b">
         <name>.debug_line</name>
         <load_address>0x2077</load_address>
         <run_address>0x2077</run_address>
         <size>0x66</size>
         <input_file_ref idref="fl-1d"/>
      </object_component>
      <object_component id="oc-29e">
         <name>.debug_line</name>
         <load_address>0x20dd</load_address>
         <run_address>0x20dd</run_address>
         <size>0x51</size>
         <input_file_ref idref="fl-1d"/>
      </object_component>
      <object_component id="oc-299">
         <name>.debug_line</name>
         <load_address>0x212e</load_address>
         <run_address>0x212e</run_address>
         <size>0x4f</size>
         <input_file_ref idref="fl-1d"/>
      </object_component>
      <object_component id="oc-16f">
         <name>.debug_line</name>
         <load_address>0x217d</load_address>
         <run_address>0x217d</run_address>
         <size>0x55</size>
         <input_file_ref idref="fl-1d"/>
      </object_component>
      <object_component id="oc-2a7">
         <name>.debug_line</name>
         <load_address>0x21d2</load_address>
         <run_address>0x21d2</run_address>
         <size>0x51</size>
         <input_file_ref idref="fl-1d"/>
      </object_component>
      <object_component id="oc-e0">
         <name>.debug_line</name>
         <load_address>0x2223</load_address>
         <run_address>0x2223</run_address>
         <size>0x52</size>
         <input_file_ref idref="fl-1d"/>
      </object_component>
      <object_component id="oc-190">
         <name>.debug_line</name>
         <load_address>0x2275</load_address>
         <run_address>0x2275</run_address>
         <size>0xa5</size>
         <input_file_ref idref="fl-1e"/>
      </object_component>
      <object_component id="oc-31b">
         <name>.debug_line</name>
         <load_address>0x231a</load_address>
         <run_address>0x231a</run_address>
         <size>0x82</size>
         <input_file_ref idref="fl-20"/>
      </object_component>
      <object_component id="oc-2ab">
         <name>.debug_line</name>
         <load_address>0x239c</load_address>
         <run_address>0x239c</run_address>
         <size>0x51</size>
         <input_file_ref idref="fl-20"/>
      </object_component>
      <object_component id="oc-2b0">
         <name>.debug_line</name>
         <load_address>0x23ed</load_address>
         <run_address>0x23ed</run_address>
         <size>0x51</size>
         <input_file_ref idref="fl-20"/>
      </object_component>
      <object_component id="oc-319">
         <name>.debug_line</name>
         <load_address>0x243e</load_address>
         <run_address>0x243e</run_address>
         <size>0x51</size>
         <input_file_ref idref="fl-20"/>
      </object_component>
      <object_component id="oc-2ae">
         <name>.debug_line</name>
         <load_address>0x248f</load_address>
         <run_address>0x248f</run_address>
[...]
         <value>0x3d44</value>
         <object_component_ref idref="oc-266"/>
      </symbol>
      <symbol id="sm-2b0">
         <name>twiddleCoef_1024_q15</name>
         <value>0x3144</value>
         <object_component_ref idref="oc-263"/>
      </symbol>
      <symbol id="sm-2e1">
         <name>ADCIntClearEx</name>
         <value>0x30ed</value>
         <object_component_ref idref="oc-87"/>
      </symbol>
      <symbol id="sm-2e2">
         <name>ADCSequenceStepConfigure</name>
         <value>0x270d</value>
         <object_component_ref idref="oc-81"/>
      </symbol>
      <symbol id="sm-307">
         <name>GPIOPadConfigSet</name>
         <value>0x1b55</value>
         <object_component_ref idref="oc-18c"/>
      </symbol>
      <symbol id="sm-383">
         <name>SysCtlPeripheralReady</name>
         <value>0x2e29</value>
         <object_component_ref idref="oc-186"/>
      </symbol>
      <symbol id="sm-384">
         <name>SysCtlClockFreqSet</name>
         <value>0x15f1</value>
         <object_component_ref idref="oc-172"/>
      </symbol>
      <symbol id="sm-390">
         <name>SysTickValueGet</name>
         <value>0x311d</value>
         <object_component_ref idref="oc-178"/>
      </symbol>
      <symbol id="sm-39e">
         <name>TimerControlTrigger</name>
         <value>0x2d29</value>
         <object_component_ref idref="oc-7b"/>
      </symbol>
      <symbol id="sm-3cb">
         <name>sqrtl</name>
         <value>0x2265</value>
         <object_component_ref idref="oc-19e"/>
      </symbol>
      <symbol id="sm-3cc">
         <name>sqrt</name>
         <value>0x2265</value>
         <object_component_ref idref="oc-19e"/>
      </symbol>
      <symbol id="sm-3dc">
         <name>sqrtf</name>
         <value>0x3005</value>
         <object_component_ref idref="oc-193"/>
      </symbol>
      <symbol id="sm-3f3">
         <name>__aeabi_dsub</name>
         <value>0x1d8f</value>
         <object_component_ref idref="oc-1be"/>
      </symbol>
      <symbol id="sm-3f4">
         <name>__aeabi_dadd</name>
         <value>0x1d99</value>
         <object_component_ref idref="oc-1be"/>
      </symbol>
      <symbol id="sm-408">
         <name>__aeabi_ddiv</name>
         <value>0x23bd</value>
         <object_component_ref idref="oc-1a4"/>
      </symbol>
      <symbol id="sm-413">
         <name>__aeabi_dmul</name>
         <value>0x2611</value>
         <object_component_ref idref="oc-1a9"/>
      </symbol>
      <symbol id="sm-41d">
         <name>__aeabi_d2iz</name>
         <value>0x2de1</value>
         <object_component_ref idref="oc-1c3"/>
      </symbol>
      <symbol id="sm-429">
         <name>__aeabi_d2f</name>
         <value>0x2beb</value>
         <object_component_ref idref="oc-1ae"/>
      </symbol>
      <symbol id="sm-434">
         <name>__aeabi_f2d</name>
         <value>0x2f35</value>
         <object_component_ref idref="oc-199"/>
      </symbol>
      <symbol id="sm-43e">
         <name>__aeabi_i2d</name>
         <value>0x2fd5</value>
         <object_component_ref idref="oc-1b9"/>
      </symbol>
      <symbol id="sm-44d">
         <name>__aeabi_uidivmod</name>
         <value>0x2ef5</value>
         <object_component_ref idref="oc-21b"/>
      </symbol>
      <symbol id="sm-44e">
         <name>__aeabi_uidiv</name>
         <value>0x2ef5</value>
         <object_component_ref idref="oc-21b"/>
      </symbol>
      <symbol id="sm-460">
         <name>__TI_zero_init</name>
         <value>0x3129</value>
         <object_component_ref idref="oc-54"/>
      </symbol>
      <symbol id="sm-477">
         <name>__TI_decompress_none</name>
         <value>0x30ff</value>
         <object_component_ref idref="oc-1c"/>
      </symbol>
      <symbol id="sm-49a">
         <name>__TI_decompress_lzss</name>
         <value>0x2c59</value>
         <object_component_ref idref="oc-16"/>
      </symbol>
      <symbol id="sm-4b0">
         <name>__aeabi_errno_addr</name>
         <value>0x3135</value>
         <object_component_ref idref="oc-22c"/>
      </symbol>
      <symbol id="sm-4b1">
         <name>errno</name>
         <value>0x20023410</value>
         <object_component_ref idref="oc-2c2"/>
      </symbol>
      <symbol id="sm-4c4">
         <name>__stack</name>
         <value>0x20000000</value>
         <object_component_ref idref="oc-25"/>
      </symbol>
      <symbol id="sm-4c5">
         <name>_c_int00_noargs</name>
         <value>0x2f6d</value>
         <object_component_ref idref="oc-60"/>
      </symbol>
      <symbol id="sm-4cf">
         <name>__aeabi_idiv0</name>
         <value>0x1137</value>
         <object_component_ref idref="oc-2b7"/>
      </symbol>
      <symbol id="sm-4d0">
         <name>__aeabi_ldiv0</name>
         <value>0x1137</value>
         <object_component_ref idref="oc-2b7"/>
      </symbol>
      <symbol id="sm-4eb">
         <name>memcpy</name>
         <value>0x2a45</value>
         <object_component_ref idref="oc-42"/>
      </symbol>
      <symbol id="sm-4ec">
         <name>__aeabi_memcpy</name>
         <value>0x2a45</value>
         <object_component_ref idref="oc-42"/>
      </symbol>
      <symbol id="sm-4ed">
         <name>__aeabi_memcpy8</name>
         <value>0x2a45</value>
         <object_component_ref idref="oc-42"/>
      </symbol>
      <symbol id="sm-4ee">
         <name>__aeabi_memcpy4</name>
         <value>0x2a45</value>
         <object_component_ref idref="oc-42"/>
      </symbol>
      <symbol id="sm-4fd">
         <name>__aeabi_memset</name>
         <value>0x2b73</value>
         <object_component_ref idref="oc-ba"/>
      </symbol>
      <symbol id="sm-4fe">
         <name>memset</name>
         <value>0x2b79</value>
         <object_component_ref idref="oc-ba"/>
      </symbol>
      <symbol id="sm-4ff">
         <name>__aeabi_memset8</name>
         <value>0x2b73</value>
         <object_component_ref idref="oc-ba"/>
      </symbol>
      <symbol id="sm-500">
         <name>__aeabi_memset4</name>
         <value>0x2b73</value>
         <object_component_ref idref="oc-ba"/>
      </symbol>
      <symbol id="sm-501">
         <name>__aeabi_memclr8</name>
         <value>0x2b71</value>
         <object_component_ref idref="oc-ba"/>
      </symbol>
      <symbol id="sm-502">
         <name>__aeabi_memclr4</name>
         <value>0x2b71</value>
         <object_component_ref idref="oc-ba"/>
      </symbol>
      <symbol id="sm-503">
         <name>__aeabi_memclr</name>
         <value>0x2b71</value>
         <object_component_ref idref="oc-ba"/>
      </symbol>
      <symbol id="sm-52b">
         <name>__TI_auto_init_nobinit_nopinit</name>
         <value>0x2eb1</value>
         <object_component_ref idref="oc-138"/>
      </symbol>
      <symbol id="sm-535">
         <name>_system_pre_init</name>
         <value>0x313d</value>
         <object_component_ref idref="oc-c0"/>
      </symbol>
      <symbol id="sm-541">
         <name>C$$EXIT</name>
         <value>0x3141</value>
         <object_component_ref idref="oc-12c"/>
      </symbol>
      <symbol id="sm-542">
         <name>abort</name>
         <value>0x3141</value>
         <object_component_ref idref="oc-12c"/>
      </symbol>
      <symbol id="sm-545">
         <name>__TI_static_base__</name>
         <value>0x0</value>
      </symbol>
      <symbol id="sm-548">
         <name>__mpu_init</name>
         <value>0x0</value>
      </symbol>
      <symbol id="sm-549">
         <name>_system_post_cinit</name>
         <value>0x0</value>
      </symbol>
      <symbol id="sm-54a">
         <name>NMI_Handler</name>
         <value>0x3119</value>
      </symbol>
      <symbol id="sm-54b">
         <name>HardFault_Handler</name>
         <value>0x3119</value>
      </symbol>
      <symbol id="sm-54c">
         <name>MemManage_Handler</name>
         <value>0x3119</value>
      </symbol>
      <symbol id="sm-54d">
         <name>BusFault_Handler</name>
         <value>0x3119</value>
      </symbol>
      <symbol id="sm-54e">
         <name>UsageFault_Handler</name>
         <value>0x3119</value>
      </symbol>
      <symbol id="sm-54f">
         <name>SVC_Handler</name>
         <value>0x3119</value>
      </symbol>
      <symbol id="sm-550">
         <name>DebugMon_Handler</name>
         <value>0x3119</value>
      </symbol>
      <symbol id="sm-551">
         <name>PendSV_Handler</name>
         <value>0x3119</value>
      </symbol>
      <symbol id="sm-552">
         <name>SysTick_Handler</name>
         <value>0x3119</value>
      </symbol>
      <symbol id="sm-553">
         <name>GPIOA_IRQHandler</name>
         <value>0x3119</value>
      </symbol>
      <symbol id="sm-554">
         <name>GPIOB_IRQHandler</name>
         <value>0x3119</value>
      </symbol>
      <symbol id="sm-555">
         <name>GPIOC_IRQHandler</name>
         <value>0x3119</value>
      </symbol>
      <symbol id="sm-556">
         <name>GPIOD_IRQHandler</name>
         <value>0x3119</value>
      </symbol>
      <symbol id="sm-557">
         <name>GPIOE_IRQHandler</name>
         <value>0x3119</value>
      </symbol>
      <symbol id="sm-558">
         <name>UART0_IRQHandler</name>
         <value>0x3119</value>
      </symbol>
      <symbol id="sm-559">
         <name>UART1_IRQHandler</name>
         <value>0x3119</value>
      </symbol>
      <symbol id="sm-55a">
         <name>SSI0_IRQHandler</name>
         <value>0x3119</value>
      </symbol>
      <symbol id="sm-55b">
         <name>I2C0_IRQHandler</name>
         <value>0x3119</value>
      </symbol>
      <symbol id="sm-55c">
         <name>PWM0_FAULT_IRQHandler</name>
         <value>0x3119</value>
      </symbol>
      <symbol id="sm-55d">
         <name>PWM0_0_IRQHandler</name>
         <value>0x3119</value>
      </symbol>
      <symbol id="sm-55e">
         <name>PWM0_1_IRQHandler</name>
         <value>0x3119</value>
      </symbol>
      <symbol id="sm-55f">
         <name>PWM0_2_IRQHandler</name>
         <value>0x3119</value>
      </symbol>
      <symbol id="sm-560">
         <name>QEI0_IRQHandler</name>
         <value>0x3119</value>
      </symbol>
      <symbol id="sm-561">
         <name>ADC0SS0_IRQHandler</name>
         <value>0x3119</value>
      </symbol>
      <symbol id="sm-562">
         <name>ADC0SS1_IRQHandler</name>
         <value>0x3119</value>
      </symbol>
      <symbol id="sm-563">
         <name>ADC0SS2_IRQHandler</name>
         <value>0x1a9b</value>
      </symbol>
      <symbol id="sm-564">
         <name>ADC0SS3_IRQHandler</name>
         <value>0x3119</value>
      </symbol>
      <symbol id="sm-565">
         <name>WATCHDOG_IRQHandler</name>
         <value>0x3119</value>
      </symbol>
      <symbol id="sm-566">
         <name>TIMER0A_IRQHandler</name>
         <value>0x3119</value>
      </symbol>
      <symbol id="sm-567">
         <name>TIMER0B_IRQHandler</name>
         <value>0x3119</value>
      </symbol>
      <symbol id="sm-568">
         <name>TIMER1A_IRQHandler</name>
         <value>0x3119</value>
      </symbol>
      <symbol id="sm-569">
         <name>TIMER1B_IRQHandler</name>
         <value>0x3119</value>
      </symbol>
      <symbol id="sm-56a">
         <name>TIMER2A_IRQHandler</name>
         <value>0x3119</value>
      </symbol>
      <symbol id="sm-56b">
         <name>TIMER2B_IRQHandler</name>
         <value>0x3119</value>
      </symbol>
      <symbol id="sm-56c">
         <name>COMP0_IRQHandler</name>
         <value>0x3119</value>
      </symbol>
      <symbol id="sm-56d">
         <name>COMP1_IRQHandler</name>
         <value>0x3119</value>
      </symbol>
      <symbol id="sm-56e">
         <name>COMP2_IRQHandler</name>
         <value>0x3119</value>
      </symbol>
      <symbol id="sm-56f">
         <name>SYSCTL_IRQHandler</name>
         <value>0x3119</value>
      </symbol>
      <symbol id="sm-570">
         <name>FLASH_IRQHandler</name>
         <value>0x3119</value>
      </symbol>
      <symbol id="sm-571">
         <name>GPIOF_IRQHandler</name>
         <value>0x3119</value>
      </symbol>
      <symbol id="sm-572">
         <name>GPIOG_IRQHandler</name>
         <value>0x3119</value>
      </symbol>
      <symbol id="sm-573">
         <name>GPIOH_IRQHandler</name>
         <value>0x3119</value>
      </symbol>
      <symbol id="sm-574">
         <name>UART2_IRQHandler</name>
         <value>0x3119</value>
      </symbol>
      <symbol id="sm-575">
         <name>SSI1_IRQHandler</name>
         <value>0x3119</value>
      </symbol>
      <symbol id="sm-576">
         <name>TIMER3A_IRQHandler</name>
         <value>0x3119</value>
      </symbol>
      <symbol id="sm-577">
         <name>TIMER3B_IRQHandler</name>
         <value>0x3119</value>
      </symbol>
      <symbol id="sm-578">
         <name>I2C1_IRQHandler</name>
         <value>0x3119</value>
      </symbol>
      <symbol id="sm-579">
         <name>CAN0_IRQHandler</name>
         <value>0x3119</value>
      </symbol>
      <symbol id="sm-57a">
         <name>CAN1_IRQHandler</name>
         <value>0x3119</value>
      </symbol>
      <symbol id="sm-57b">
         <name>EMAC0_IRQHandler</name>
         <value>0x3119</value>
      </symbol>
      <symbol id="sm-57c">
         <name>HIBERNATE_IRQHandler</name>
         <value>0x3119</value>
      </symbol>
      <symbol id="sm-57d">
         <name>USB0_IRQHandler</name>
         <value>0x3119</value>
      </symbol>
      <symbol id="sm-57e">
         <name>PWM0_3_IRQHandler</name>
         <value>0x3119</value>
      </symbol>
      <symbol id="sm-57f">
         <name>UDMA_IRQHandler</name>
         <value>0x3119</value>
      </symbol>
      <symbol id="sm-580">
         <name>UDMAERR_IRQHandler</name>
         <value>0x3119</value>
      </symbol>
      <symbol id="sm-581">
         <name>ADC1SS0_IRQHandler</name>
         <value>0x3119</value>
      </symbol>
      <symbol id="sm-582">
         <name>ADC1SS1_IRQHandler</name>
         <value>0x3119</value>
      </symbol>
      <symbol id="sm-583">
         <name>ADC1SS2_IRQHandler</name>
         <value>0x3119</value>
      </symbol>
      <symbol id="sm-584">
         <name>ADC1SS3_IRQHandler</name>
         <value>0x3119</value>
      </symbol>
      <symbol id="sm-585">
         <name>EPI0_IRQHandler</name>
         <value>0x3119</value>
      </symbol>
      <symbol id="sm-586">
         <name>GPIOJ_IRQHandler</name>
         <value>0x3119</value>
      </symbol>
      <symbol id="sm-587">
         <name>GPIOK_IRQHandler</name>
         <value>0x3119</value>
      </symbol>
      <symbol id="sm-588">
         <name>GPIOL_IRQHandler</name>
         <value>0x3119</value>
      </symbol>
      <symbol id="sm-589">
         <name>SSI2_IRQHandler</name>
         <value>0x3119</value>
      </symbol>
      <symbol id="sm-58a">
         <name>SSI3_IRQHandler</name>
         <value>0x3119</value>
      </symbol>
      <symbol id="sm-58b">
         <name>UART3_IRQHandler</name>
         <value>0x3119</value>
      </symbol>
      <symbol id="sm-58c">
         <name>UART4_IRQHandler</name>
         <value>0x3119</value>
      </symbol>
      <symbol id="sm-58d">
         <name>UART5_IRQHandler</name>
         <value>0x3119</value>
      </symbol>
      <symbol id="sm-58e">
         <name>UART6_IRQHandler</name>
         <value>0x3119</value>
      </symbol>
      <symbol id="sm-58f">
         <name>UART7_IRQHandler</name>
         <value>0x3119</value>
      </symbol>
      <symbol id="sm-590">
         <name>I2C2_IRQHandler</name>
         <value>0x3119</value>
      </symbol>
      <symbol id="sm-591">
         <name>I2C3_IRQHandler</name>
         <value>0x3119</value>
      </symbol>
      <symbol id="sm-592">
         <name>TIMER4A_IRQHandler</name>
         <value>0x3119</value>
      </symbol>
      <symbol id="sm-593">
         <name>TIMER4B_IRQHandler</name>
         <value>0x3119</value>
      </symbol>
      <symbol id="sm-594">
         <name>TIMER5A_IRQHandler</name>
         <value>0x3119</value>
      </symbol>
      <symbol id="sm-595">
         <name>TIMER5B_IRQHandler</name>
         <value>0x3119</value>
      </symbol>
      <symbol id="sm-596">
         <name>SYSEXC_IRQHandler</name>
         <value>0x3119</value>
      </symbol>
      <symbol id="sm-597">
         <name>I2C4_IRQHandler</name>
         <value>0x3119</value>
      </symbol>
      <symbol id="sm-598">
         <name>I2C5_IRQHandler</name>
         <value>0x3119</value>
      </symbol>
      <symbol id="sm-599">
         <name>GPIOM_IRQHandler</name>
         <value>0x3119</value>
      </symbol>
      <symbol id="sm-59a">
         <name>GPION_IRQHandler</name>
         <value>0x3119</value>
      </symbol>
      <symbol id="sm-59b">
         <name>TAMPER0_IRQHandler</name>
         <value>0x3119</value>
      </symbol>
      <symbol id="sm-59c">
         <name>GPIOP0_IRQHandler</name>
         <value>0x3119</value>
      </symbol>
      <symbol id="sm-59d">
         <name>GPIOP1_IRQHandler</name>
         <value>0x3119</value>
      </symbol>
      <symbol id="sm-59e">
         <name>GPIOP2_IRQHandler</name>
         <value>0x3119</value>
      </symbol>
      <symbol id="sm-59f">
         <name>GPIOP3_IRQHandler</name>
         <value>0x3119</value>
      </symbol>
      <symbol id="sm-5a0">
         <name>GPIOP4_IRQHandler</name>
         <value>0x3119</value>
      </symbol>
      <symbol id="sm-5a1">
         <name>GPIOP5_IRQHandler</name>
         <value>0x3119</value>
      </symbol>
      <symbol id="sm-5a2">
         <name>GPIOP6_IRQHandler</name>
         <value>0x3119</value>
      </symbol>
      <symbol id="sm-5a3">
         <name>GPIOP7_IRQHandler</name>
         <value>0x3119</value>
      </symbol>
      <symbol id="sm-5a4">
         <name>GPIOQ0_IRQHandler</name>
         <value>0x3119</value>
      </symbol>
      <symbol id="sm-5a5">
         <name>GPIOQ1_IRQHandler</name>
         <value>0x3119</value>
      </symbol>
      <symbol id="sm-5a6">
         <name>GPIOQ2_IRQHandler</name>
         <value>0x3119</value>
      </symbol>
      <symbol id="sm-5a7">
         <name>GPIOQ3_IRQHandler</name>
         <value>0x3119</value>
      </symbol>
      <symbol id="sm-5a8">
         <name>GPIOQ4_IRQHandler</name>
         <value>0x3119</value>
      </symbol>
      <symbol id="sm-5a9">
         <name>GPIOQ5_IRQHandler</name>
         <value>0x3119</value>
      </symbol>
      <symbol id="sm-5aa">
         <name>GPIOQ6_IRQHandler</name>
         <value>0x3119</value>
      </symbol>
      <symbol id="sm-5ab">
         <name>GPIOQ7_IRQHandler</name>
         <value>0x3119</value>
      </symbol>
      <symbol id="sm-5ac">
         <name>SHA0_IRQHandler</name>
         <value>0x3119</value>
      </symbol>
      <symbol id="sm-5ad">
         <name>AES0_IRQHandler</name>
         <value>0x3119</value>
      </symbol>
      <symbol id="sm-5ae">
         <name>DES0_IRQHandler</name>
         <value>0x3119</value>
      </symbol>
      <symbol id="sm-5af">
         <name>TIMER6A_IRQHandler</name>
         <value>0x3119</value>
      </symbol>
      <symbol id="sm-5b0">
         <name>TIMER6B_IRQHandler</name>
         <value>0x3119</value>
      </symbol>
      <symbol id="sm-5b1">
         <name>TIMER7A_IRQHandler</name>
         <value>0x3119</value>
      </symbol>
      <symbol id="sm-5b2">
         <name>TIMER7B_IRQHandler</name>
         <value>0x3119</value>
      </symbol>
      <symbol id="sm-5b3">
         <name>I2C6_IRQHandler</name>
         <value>0x3119</value>
      </symbol>
      <symbol id="sm-5b4">
         <name>I2C7_IRQHandler</name>
         <value>0x3119</value>
      </symbol>
      <symbol id="sm-5b5">
         <name>I2C8_IRQHandler</name>
         <value>0x3119</value>
      </symbol>
      <symbol id="sm-5b6">
         <name>I2C9_IRQHandler</name>
         <value>0x3119</value>
      </symbol>
   </symbol_table>
   <title>Link successful</title>
</link_info>
