******************************************************************************
                  TI ARM Linker PC v20.2.5                     
******************************************************************************
>> Linked Fri May 13 13:44:20 2022

OUTPUT FILE NAME:   <waves.out>
ENTRY POINT SYMBOL: "_c_int00_noargs"  address: 00002f6d


MEMORY CONFIGURATION

         name            origin    length      used     unused   attr    fill
----------------------  --------  ---------  --------  --------  ----  --------
  FLASH                 00000000   00100000  00004784  000fb87c  R  X
  SRAM                  20000000   00040000  0002341a  0001cbe6  RW X


SEGMENT ALLOCATION MAP

run origin  load origin   length   init length attrs members
----------  ----------- ---------- ----------- ----- -------
00000000    00000000    00004788   00004788    r-x
  00000000    00000000    00000208   00000208    r-- .intvecs
  00000208    00000208    00002f3c   00002f3c    r-x .text
  00003144    00003144    00001610   00001610    r-- .const
  00004758    00004758    00000030   00000030    r-- .cinit
20000000    20000000    0002341a   00000000    rw-
  20000000    20000000    00020000   00000000    rw- .stack
  20020000    20020000    00003408   00000000    rw- .bss
  20023408    20023408    00000012   00000000    rw- .data


SECTION ALLOCATION MAP

 output                                  attributes/
section   page    origin      length       input sections
--------  ----  ----------  ----------   ----------------
.intvecs   0    00000000    00000208     
                  00000000    00000208     startup_msp432e401y_ccs.obj (.intvecs:retain)

.text      0    00000208    00002f3c     
                  00000208    0000059c     waves.obj (.text)
                  000007a4    000004dc     uartstdio.obj (.text)
                  00000c80    000004b6     arm_cortexM4lf_math.a : arm_cfft_radix4_q15.o (.text:arm_radix4_butterfly_inverse_q15)
                  00001136    00000002     rtsv7M4_T_le_v4SPD16_eabi.lib : div0.asm.obj (.text)
                  00001138    000004b6     arm_cortexM4lf_math.a : arm_cfft_radix4_q15.o (.text:arm_radix4_butterfly_q15)
                  000015ee    00000002     --HOLE-- [fill = 0]
                  000015f0    000002e0     msp432e4_driverlib.a : sysctl.o (.text:SysCtlClockFreqSet)
                  000018d0    00000284     adc.obj (.text)
                  00001b54    0000023a     msp432e4_driverlib.a : gpio.o (.text:GPIOPadConfigSet)
                  00001d8e    000001b6     rtsv7M4_T_le_v4SPD16_eabi.lib : fd_add_t2.asm.obj (.text)
                  00001f44    00000190     arm_cortexM4lf_math.a : arm_cfft_q15.o (.text:arm_cfft_radix4by2_inverse_q15)
                  000020d4    00000190                           : arm_cfft_q15.o (.text:arm_cfft_radix4by2_q15)
                  00002264    00000158     rtsv7M4_T_le_v4SPD16_eabi.lib : e_sqrt.c.obj (.text:sqrt)
                  000023bc    00000136                                   : fd_div_t2.asm.obj (.text)
                  000024f2    00000002     --HOLE-- [fill = 0]
                  000024f4    0000011c     system_msp432e401y.obj (.text)
                  00002610    000000fc     rtsv7M4_T_le_v4SPD16_eabi.lib : fd_mul_t2.asm.obj (.text)
                  0000270c    000000ee     msp432e4_driverlib.a : adc.o (.text:ADCSequenceStepConfigure)
                  000027fa    000000e8     arm_cortexM4lf_math.a : arm_cfft_q15.o (.text:arm_cfft_q15)
                  000028e2    000000c0                           : arm_bitreversal2.o (.text)
                  000029a2    00000002     --HOLE-- [fill = 0]
                  000029a4    000000a0     gpio.obj (.text)
                  00002a44    0000009c     rtsv7M4_T_le_v4SPD16_eabi.lib : memcpy_t2.asm.obj (.text)
                  00002ae0    00000090     msp432e4_driverlib.a : sysctl.o (.text:_SysCtlFrequencyGet)
                  00002b70    0000007a     rtsv7M4_T_le_v4SPD16_eabi.lib : memset_t2.asm.obj (.text)
                  00002bea    0000006e                                   : fd_tos_t2.asm.obj (.text)
                  00002c58    00000068                                   : copy_decompress_lzss.c.obj (.text:decompress:lzss:__TI_decompress_lzss)
                  00002cc0    00000068     uart.obj (.text)
                  00002d28    00000060     msp432e4_driverlib.a : timer.o (.text:TimerControlTrigger)
                  00002d88    00000058     systemClock.obj (.text)
                  00002de0    00000048     rtsv7M4_T_le_v4SPD16_eabi.lib : fd_toi_t2.asm.obj (.text)
                  00002e28    00000044     msp432e4_driverlib.a : sysctl.o (.text:SysCtlPeripheralReady)
                  00002e6c    00000044                          : sysctl.o (.text:_SysCtlMemTimingGet)
                  00002eb0    00000044     rtsv7M4_T_le_v4SPD16_eabi.lib : autoinit.c.obj (.text:__TI_auto_init_nobinit_nopinit:__TI_auto_init_nobinit_nopinit)
                  00002ef4    00000040                                   : u_divt2.asm.obj (.text)
                  00002f34    00000038                                   : fs_tod_t2.asm.obj (.text)
                  00002f6c    00000034                                   : boot_cortex_m.c.obj (.text:_c_int00_noargs:_c_int00_noargs)
                  00002fa0    00000034     main.obj (.text)
                  00002fd4    0000002e     rtsv7M4_T_le_v4SPD16_eabi.lib : i_tofd_t2.asm.obj (.text)
                  00003002    00000002     --HOLE-- [fill = 0]
                  00003004    00000028                                   : e_sqrtf.c.obj (.text:sqrtf)
                  0000302c    00000022     arm_cortexM4lf_math.a : arm_cfft_q15.o (.text:write_q15x2_ia)
                  0000304e    00000022                           : arm_cfft_radix4_q15.o (.text:write_q15x2_ia)
                  00003070    0000001e                           : arm_cfft_q15.o (.text:read_q15x2_ia)
                  0000308e    0000001e                           : arm_cfft_radix4_q15.o (.text:read_q15x2_ia)
                  000030ac    00000018                           : arm_cfft_radix4_q15.o (.text:write_q15x2)
                  000030c4    00000014                           : arm_cfft_q15.o (.text:read_q15x2)
                  000030d8    00000014                           : arm_cfft_radix4_q15.o (.text:read_q15x2)
                  000030ec    00000012     msp432e4_driverlib.a : adc.o (.text:ADCIntClearEx)
                  000030fe    0000000e     rtsv7M4_T_le_v4SPD16_eabi.lib : copy_decompress_none.c.obj (.text:decompress:none:__TI_decompress_none)
                  0000310c    0000000e     startup_msp432e401y_ccs.obj (.text)
                  0000311a    00000002     --HOLE-- [fill = 0]
                  0000311c    0000000c     msp432e4_driverlib.a : systick.o (.text:SysTickValueGet)
                  00003128    0000000c     rtsv7M4_T_le_v4SPD16_eabi.lib : copy_zero_init.c.obj (.text:decompress:ZI:__TI_zero_init)
                  00003134    00000008                                   : errno.c.obj (.text:__aeabi_errno_addr)
                  0000313c    00000004                                   : pre_init.c.obj (.text:_system_pre_init)
                  00003140    00000004                                   : exit.c.obj (.text:abort:abort)

.const     0    00003144    00001610     
                  00003144    00000c00     arm_cortexM4lf_math.a : arm_common_tables.o (.const:twiddleCoef_1024_q15)
                  00003d44    000007c0                           : arm_common_tables.o (.const:armBitRevIndexTable_fixed_1024)
                  00004504    000001b0     msp432e4_driverlib.a : sysctl.o (.const:g_pppui32XTALtoVCO)
                  000046b4    00000030                          : sysctl.o (.const:g_sXTALtoMEMTIM)
                  000046e4    00000028                          : sysctl.o (.const:g_pui32Xtals)
                  0000470c    00000012     uartstdio.obj (.const:.string)
                  0000471e    00000002     --HOLE-- [fill = 0]
                  00004720    00000010     arm_cortexM4lf_math.a : arm_const_structs.o (.const:arm_cfft_sR_q15_len1024)
                  00004730    0000000c     uartstdio.obj (.const:g_ui32UARTBase)
                  0000473c    0000000c     uartstdio.obj (.const:g_ui32UARTPeriph)
                  00004748    00000008     msp432e4_driverlib.a : sysctl.o (.const:g_pui32VCOFrequencies)
                  00004750    00000004     uartstdio.obj (.const)

.cinit     0    00004758    00000030     
                  00004758    0000000c     (__TI_handler_table)
                  00004764    0000000b     (.cinit..data.load) [load image, compression = lzss]
                  0000476f    00000001     --HOLE-- [fill = 0]
                  00004770    00000008     (.cinit..bss.load) [load image, compression = zero_init]
                  00004778    00000010     (__TI_cinit_table)

.init_array 
*          0    00000000    00000000     UNINITIALIZED

.bss       0    20020000    00003408     UNINITIALIZED
                  20020000    00001000     (.common:dstBufferA)
                  20021000    00001000     (.common:dstBufferB)
                  20022000    00001000     (.common:fftOutput)
                  20023000    00000400     (.common:pui8ControlTable)
                  20023400    00000004     (.common:setFFTmaxFreqIndex)
                  20023404    00000004     (.common:systemClock)

.data      0    20023408    00000012     UNINITIALIZED
                  20023408    00000005     uartstdio.obj (.data)
                  2002340d    00000002     adc.obj (.data)
                  2002340f    00000001     --HOLE--
                  20023410    00000004     rtsv7M4_T_le_v4SPD16_eabi.lib : errno.c.obj (.data)
                  20023414    00000004     system_msp432e401y.obj (.data)
                  20023418    00000002     waves.obj (.data)

.stack     0    20000000    00020000     UNINITIALIZED
                  20000000    00000004     rtsv7M4_T_le_v4SPD16_eabi.lib : boot_cortex_m.c.obj (.stack)
                  20000004    0001fffc     --HOLE--

__llvm_prf_cnts 
*          0    20000000    00000000     UNINITIALIZED

MODULE SUMMARY

       Module                        code    ro data   rw data
       ------                        ----    -------   -------
    .\ccs\
       startup_msp432e401y_ccs.obj   14      520       0      
       system_msp432e401y.obj        284     0         4      
    +--+-----------------------------+-------+---------+---------+
       Total:                        298     520       4      
                                                              
    .\src\
       adc.obj                       644     0         9218   
       waves.obj                     1436    0         4102   
       uartstdio.obj                 1244    46        5      
       gpio.obj                      160     0         0      
       uart.obj                      104     0         0      
       systemClock.obj               88      0         4      
       main.obj                      52      0         0      
    +--+-----------------------------+-------+---------+---------+
       Total:                        3728    46        13329  
                                                              
    C:/ti/simplelink_msp432e4_sdk_4_20_00_12/source/third_party/CMSIS/DSP_Lib/lib/ccs/m4f/arm_cortexM4lf_math.a
       arm_common_tables.o           0       5056      0      
       arm_cfft_radix4_q15.o         2520    0         0      
       arm_cfft_q15.o                1116    0         0      
       arm_bitreversal2.o            192     0         0      
       arm_const_structs.o           0       16        0      
    +--+-----------------------------+-------+---------+---------+
       Total:                        3828    5072      0      
                                                              
    C:/ti/simplelink_msp432e4_sdk_4_20_00_12/source/ti/devices/msp432e4/driverlib/lib/ccs/m4f/msp432e4_driverlib.a
       sysctl.o                      1016    528       0      
       gpio.o                        570     0         0      
       adc.o                         256     0         0      
       timer.o                       96      0         0      
       systick.o                     12      0         0      
    +--+-----------------------------+-------+---------+---------+
       Total:                        1950    528       0      
                                                              
    C:\ti\ccs1100\ccs\tools\compiler\ti-cgt-arm_20.2.5.LTS\lib\rtsv7M4_T_le_v4SPD16_eabi.lib
       fd_add_t2.asm.obj             438     0         0      
       e_sqrt.c.obj                  344     0         0      
       fd_div_t2.asm.obj             310     0         0      
       fd_mul_t2.asm.obj             252     0         0      
       memcpy_t2.asm.obj             156     0         0      
       memset_t2.asm.obj             122     0         0      
       fd_tos_t2.asm.obj             110     0         0      
       copy_decompress_lzss.c.obj    104     0         0      
       fd_toi_t2.asm.obj             72      0         0      
       autoinit.c.obj                68      0         0      
       u_divt2.asm.obj               64      0         0      
       fs_tod_t2.asm.obj             56      0         0      
       boot_cortex_m.c.obj           52      0         0      
       i_tofd_t2.asm.obj             46      0         0      
       e_sqrtf.c.obj                 40      0         0      
       copy_decompress_none.c.obj    14      0         0      
       copy_zero_init.c.obj          12      0         0      
       errno.c.obj                   8       0         4      
       exit.c.obj                    4       0         0      
       pre_init.c.obj                4       0         0      
       div0.asm.obj                  2       0         0      
    +--+-----------------------------+-------+---------+---------+
       Total:                        2278    0         4      
                                                              
       Stack:                        0       0         131072 
       Linker Generated:             0       47        0      
    +--+-----------------------------+-------+---------+---------+
       Grand Total:                  12082   6213      144409 


LINKER GENERATED COPY TABLES

__TI_cinit_table @ 00004778 records: 2, size/record: 8, table size: 16
	.data: load addr=00004764, load size=0000000b bytes, run addr=20023408, run size=00000012 bytes, compression=lzss
	.bss: load addr=00004770, load size=00000008 bytes, run addr=20020000, run size=00003408 bytes, compression=zero_init


LINKER GENERATED HANDLER TABLE

__TI_handler_table @ 00004758 records: 3, size/record: 4, table size: 12
	index: 0, handler: __TI_decompress_lzss
	index: 1, handler: __TI_decompress_none
	index: 2, handler: __TI_zero_init


GLOBAL SYMBOLS: SORTED ALPHABETICALLY BY Name 

address   name                            
-------   ----                            
00003119  ADC0SS0_IRQHandler              
00003119  ADC0SS1_IRQHandler              
00001a9b  ADC0SS2_IRQHandler              
00001a9b  ADC0SS2_IRQHandler              
00003119  ADC0SS3_IRQHandler              
00003119  ADC1SS0_IRQHandler              
00003119  ADC1SS1_IRQHandler              
00003119  ADC1SS2_IRQHandler              
00003119  ADC1SS3_IRQHandler              
000030ed  ADCIntClearEx                   
0000270d  ADCSequenceStepConfigure        
00003119  AES0_IRQHandler                 
00003119  BusFault_Handler                
00003141  C$$EXIT                         
00003119  CAN0_IRQHandler                 
00003119  CAN1_IRQHandler                 
00003119  COMP0_IRQHandler                
00003119  COMP1_IRQHandler                
00003119  COMP2_IRQHandler                
00002cc1  ConfigureUART                   
00003119  DES0_IRQHandler                 
00003119  DebugMon_Handler                
00003119  Default_Handler                 
00003119  EMAC0_IRQHandler                
00003119  EPI0_IRQHandler                 
00003119  FLASH_IRQHandler                
00003119  GPIOA_IRQHandler                
00003119  GPIOB_IRQHandler                
00003119  GPIOC_IRQHandler                
00003119  GPIOD_IRQHandler                
00003119  GPIOE_IRQHandler                
00003119  GPIOF_IRQHandler                
00003119  GPIOG_IRQHandler                
00003119  GPIOH_IRQHandler                
00003119  GPIOJ_IRQHandler                
00003119  GPIOK_IRQHandler                
00003119  GPIOL_IRQHandler                
00003119  GPIOM_IRQHandler                
00003119  GPION_IRQHandler                
00003119  GPIOP0_IRQHandler               
00003119  GPIOP1_IRQHandler               
00003119  GPIOP2_IRQHandler               
00003119  GPIOP3_IRQHandler               
00003119  GPIOP4_IRQHandler               
00003119  GPIOP5_IRQHandler               
00003119  GPIOP6_IRQHandler               
00003119  GPIOP7_IRQHandler               
00001b55  GPIOPadConfigSet                
00003119  GPIOQ0_IRQHandler               
00003119  GPIOQ1_IRQHandler               
00003119  GPIOQ2_IRQHandler               
00003119  GPIOQ3_IRQHandler               
00003119  GPIOQ4_IRQHandler               
00003119  GPIOQ5_IRQHandler               
00003119  GPIOQ6_IRQHandler               
00003119  GPIOQ7_IRQHandler               
0000023d  GetPowerMag                     
0000035f  GetTHD                          
00003119  HIBERNATE_IRQHandler            
00003119  HardFault_Handler               
00003119  I2C0_IRQHandler                 
00003119  I2C1_IRQHandler                 
00003119  I2C2_IRQHandler                 
00003119  I2C3_IRQHandler                 
00003119  I2C4_IRQHandler                 
00003119  I2C5_IRQHandler                 
00003119  I2C6_IRQHandler                 
00003119  I2C7_IRQHandler                 
00003119  I2C8_IRQHandler                 
00003119  I2C9_IRQHandler                 
00003119  MemManage_Handler               
00003119  NMI_Handler                     
00003119  PWM0_0_IRQHandler               
00003119  PWM0_1_IRQHandler               
00003119  PWM0_2_IRQHandler               
00003119  PWM0_3_IRQHandler               
00003119  PWM0_FAULT_IRQHandler           
00003119  PendSV_Handler                  
00003119  QEI0_IRQHandler                 
0000310d  Reset_Handler                   
00003119  SHA0_IRQHandler                 
00003119  SSI0_IRQHandler                 
00003119  SSI1_IRQHandler                 
00003119  SSI2_IRQHandler                 
00003119  SSI3_IRQHandler                 
00003119  SVC_Handler                     
00003119  SYSCTL_IRQHandler               
00003119  SYSEXC_IRQHandler               
000015f1  SysCtlClockFreqSet              
00002e29  SysCtlPeripheralReady           
0000311d  SysTickValueGet                 
00003119  SysTick_Handler                 
20023414  SystemCoreClock                 
000024f5  SystemCoreClockUpdate           
000025e3  SystemInit                      
00003119  TAMPER0_IRQHandler              
00003119  TIMER0A_IRQHandler              
00003119  TIMER0B_IRQHandler              
00003119  TIMER1A_IRQHandler              
00003119  TIMER1B_IRQHandler              
00003119  TIMER2A_IRQHandler              
00003119  TIMER2B_IRQHandler              
00003119  TIMER3A_IRQHandler              
00003119  TIMER3B_IRQHandler              
00003119  TIMER4A_IRQHandler              
00003119  TIMER4B_IRQHandler              
00003119  TIMER5A_IRQHandler              
00003119  TIMER5B_IRQHandler              
00003119  TIMER6A_IRQHandler              
00003119  TIMER6B_IRQHandler              
00003119  TIMER7A_IRQHandler              
00003119  TIMER7B_IRQHandler              
00002d29  TimerControlTrigger             
00003119  UART0_IRQHandler                
00003119  UART1_IRQHandler                
00003119  UART2_IRQHandler                
00003119  UART3_IRQHandler                
00003119  UART4_IRQHandler                
00003119  UART5_IRQHandler                
00003119  UART6_IRQHandler                
00003119  UART7_IRQHandler                
000007a5  UARTStdioConfig                 
0000091d  UARTgetc                        
00000857  UARTgets                        
00000c4b  UARTprintf                      
00000951  UARTvprintf                     
00000805  UARTwrite                       
00003119  UDMAERR_IRQHandler              
00003119  UDMA_IRQHandler                 
00003119  USB0_IRQHandler                 
00003119  UsageFault_Handler              
00003119  WATCHDOG_IRQHandler             
20020000  __STACK_END                     
00020000  __STACK_SIZE                    
20000200  __STACK_TOP                     
00004778  __TI_CINIT_Base                 
00004788  __TI_CINIT_Limit                
00004758  __TI_Handler_Table_Base         
00004764  __TI_Handler_Table_Limit        
00002eb1  __TI_auto_init_nobinit_nopinit  
00002c59  __TI_decompress_lzss            
000030ff  __TI_decompress_none            
ffffffff  __TI_pprof_out_hndl             
ffffffff  __TI_prof_data_size             
ffffffff  __TI_prof_data_start            
00000000  __TI_static_base__              
00003129  __TI_zero_init                  
00002beb  __aeabi_d2f                     
00002de1  __aeabi_d2iz                    
00001d99  __aeabi_dadd                    
000023bd  __aeabi_ddiv                    
00002611  __aeabi_dmul                    
00001d8f  __aeabi_dsub                    
00003135  __aeabi_errno_addr              
00002f35  __aeabi_f2d                     
00002fd5  __aeabi_i2d                     
00001137  __aeabi_idiv0                   
00001137  __aeabi_ldiv0                   
00002b71  __aeabi_memclr                  
00002b71  __aeabi_memclr4                 
00002b71  __aeabi_memclr8                 
00002a45  __aeabi_memcpy                  
00002a45  __aeabi_memcpy4                 
00002a45  __aeabi_memcpy8                 
00002b73  __aeabi_memset                  
00002b73  __aeabi_memset4                 
00002b73  __aeabi_memset8                 
00002ef5  __aeabi_uidiv                   
00002ef5  __aeabi_uidivmod                
ffffffff  __binit__                       
ffffffff  __c_args__                      
UNDEFED   __mpu_init                      
20000000  __stack                         
20000000  __start___llvm_prf_cnts         
20000000  __stop___llvm_prf_cnts          
00002f6d  _c_int00_noargs                 
UNDEFED   _system_post_cinit              
0000313d  _system_pre_init                
00003141  abort                           
000019e9  adc_with_uDMA_init              
00003d44  armBitRevIndexTable_fixed_1024  
0000294d  arm_bitreversal_16              
000028e3  arm_bitreversal_32              
000027fb  arm_cfft_q15                    
00001f45  arm_cfft_radix4by2_inverse_q15  
000020d5  arm_cfft_radix4by2_q15          
00004720  arm_cfft_sR_q15_len1024         
00000c81  arm_radix4_butterfly_inverse_q15
00001139  arm_radix4_butterfly_q15        
ffffffff  binit                           
00002a25  btnPressedEvent                 
00002db7  delay                           
20020000  dstBufferA                      
20021000  dstBufferB                      
20023410  errno                           
20022000  fftOutput                       
20023408  g_ui32Base                      
000029a5  gpioInit                        
00000000  interruptVectors                
000029d9  isBtnPressed                    
00002fa1  main                            
00002a45  memcpy                          
00002b79  memset                          
20023000  pui8ControlTable                
2002340d  setBufAReady                    
2002340e  setBufBReady                    
20023400  setFFTmaxFreqIndex              
00002265  sqrt                            
00003005  sqrtf                           
00002265  sqrtl                           
20023404  systemClock                     
00002d89  systemClock_init                
0000197b  timer0_for_adc_init             
00000495  transfrom_waves                 
00003144  twiddleCoef_1024_q15            
000018d1  uMDA_for_adc_init               
20023418  usedDmaCh                       


GLOBAL SYMBOLS: SORTED BY Symbol Address 

address   name                            
-------   ----                            
00000000  __TI_static_base__              
00000000  interruptVectors                
0000023d  GetPowerMag                     
0000035f  GetTHD                          
00000495  transfrom_waves                 
000007a5  UARTStdioConfig                 
00000805  UARTwrite                       
00000857  UARTgets                        
0000091d  UARTgetc                        
00000951  UARTvprintf                     
00000c4b  UARTprintf                      
00000c81  arm_radix4_butterfly_inverse_q15
00001137  __aeabi_idiv0                   
00001137  __aeabi_ldiv0                   
00001139  arm_radix4_butterfly_q15        
000015f1  SysCtlClockFreqSet              
000018d1  uMDA_for_adc_init               
0000197b  timer0_for_adc_init             
000019e9  adc_with_uDMA_init              
00001a9b  ADC0SS2_IRQHandler              
00001a9b  ADC0SS2_IRQHandler              
00001b55  GPIOPadConfigSet                
00001d8f  __aeabi_dsub                    
00001d99  __aeabi_dadd                    
00001f45  arm_cfft_radix4by2_inverse_q15  
000020d5  arm_cfft_radix4by2_q15          
00002265  sqrt                            
00002265  sqrtl                           
000023bd  __aeabi_ddiv                    
000024f5  SystemCoreClockUpdate           
000025e3  SystemInit                      
00002611  __aeabi_dmul                    
0000270d  ADCSequenceStepConfigure        
000027fb  arm_cfft_q15                    
000028e3  arm_bitreversal_32              
0000294d  arm_bitreversal_16              
000029a5  gpioInit                        
000029d9  isBtnPressed                    
00002a25  btnPressedEvent                 
00002a45  __aeabi_memcpy                  
00002a45  __aeabi_memcpy4                 
00002a45  __aeabi_memcpy8                 
00002a45  memcpy                          
00002b71  __aeabi_memclr                  
00002b71  __aeabi_memclr4                 
00002b71  __aeabi_memclr8                 
00002b73  __aeabi_memset                  
00002b73  __aeabi_memset4                 
00002b73  __aeabi_memset8                 
00002b79  memset                          
00002beb  __aeabi_d2f                     
00002c59  __TI_decompress_lzss            
00002cc1  ConfigureUART                   
00002d29  TimerControlTrigger             
00002d89  systemClock_init                
00002db7  delay                           
00002de1  __aeabi_d2iz                    
00002e29  SysCtlPeripheralReady           
00002eb1  __TI_auto_init_nobinit_nopinit  
00002ef5  __aeabi_uidiv                   
00002ef5  __aeabi_uidivmod                
00002f35  __aeabi_f2d                     
00002f6d  _c_int00_noargs                 
00002fa1  main                            
00002fd5  __aeabi_i2d                     
00003005  sqrtf                           
000030ed  ADCIntClearEx                   
000030ff  __TI_decompress_none            
0000310d  Reset_Handler                   
00003119  ADC0SS0_IRQHandler              
00003119  ADC0SS1_IRQHandler              
00003119  ADC0SS3_IRQHandler              
00003119  ADC1SS0_IRQHandler              
00003119  ADC1SS1_IRQHandler              
00003119  ADC1SS2_IRQHandler              
00003119  ADC1SS3_IRQHandler              
00003119  AES0_IRQHandler                 
00003119  BusFault_Handler                
00003119  CAN0_IRQHandler                 
00003119  CAN1_IRQHandler                 
00003119  COMP0_IRQHandler                
00003119  COMP1_IRQHandler                
00003119  COMP2_IRQHandler                
00003119  DES0_IRQHandler                 
00003119  DebugMon_Handler                
00003119  Default_Handler                 
00003119  EMAC0_IRQHandler                
00003119  EPI0_IRQHandler                 
00003119  FLASH_IRQHandler                
00003119  GPIOA_IRQHandler                
00003119  GPIOB_IRQHandler                
00003119  GPIOC_IRQHandler                
00003119  GPIOD_IRQHandler                
00003119  GPIOE_IRQHandler                
00003119  GPIOF_IRQHandler                
00003119  GPIOG_IRQHandler                
00003119  GPIOH_IRQHandler                
00003119  GPIOJ_IRQHandler                
00003119  GPIOK_IRQHandler                
00003119  GPIOL_IRQHandler                
00003119  GPIOM_IRQHandler                
00003119  GPION_IRQHandler                
00003119  GPIOP0_IRQHandler               
00003119  GPIOP1_IRQHandler               
00003119  GPIOP2_IRQHandler               
00003119  GPIOP3_IRQHandler               
00003119  GPIOP4_IRQHandler               
00003119  GPIOP5_IRQHandler               
00003119  GPIOP6_IRQHandler               
00003119  GPIOP7_IRQHandler               
00003119  GPIOQ0_IRQHandler               
00003119  GPIOQ1_IRQHandler               
00003119  GPIOQ2_IRQHandler               
00003119  GPIOQ3_IRQHandler               
00003119  GPIOQ4_IRQHandler               
00003119  GPIOQ5_IRQHandler               
00003119  GPIOQ6_IRQHandler               
00003119  GPIOQ7_IRQHandler               
00003119  HIBERNATE_IRQHandler            
00003119  HardFault_Handler               
00003119  I2C0_IRQHandler                 
00003119  I2C1_IRQHandler                 
00003119  I2C2_IRQHandler                 
00003119  I2C3_IRQHandler                 
00003119  I2C4_IRQHandler                 
00003119  I2C5_IRQHandler                 
00003119  I2C6_IRQHandler                 
00003119  I2C7_IRQHandler                 
00003119  I2C8_IRQHandler                 
00003119  I2C9_IRQHandler                 
00003119  MemManage_Handler               
00003119  NMI_Handler                     
00003119  PWM0_0_IRQHandler               
00003119  PWM0_1_IRQHandler               
00003119  PWM0_2_IRQHandler               
00003119  PWM0_3_IRQHandler               
00003119  PWM0_FAULT_IRQHandler           
00003119  PendSV_Handler                  
00003119  QEI0_IRQHandler                 
00003119  SHA0_IRQHandler                 
00003119  SSI0_IRQHandler                 
00003119  SSI1_IRQHandler                 
00003119  SSI2_IRQHandler                 
00003119  SSI3_IRQHandler                 
00003119  SVC_Handler                     
00003119  SYSCTL_IRQHandler               
00003119  SYSEXC_IRQHandler               
00003119  SysTick_Handler                 
00003119  TAMPER0_IRQHandler              
00003119  TIMER0A_IRQHandler              
00003119  TIMER0B_IRQHandler              
00003119  TIMER1A_IRQHandler              
00003119  TIMER1B_IRQHandler              
00003119  TIMER2A_IRQHandler              
00003119  TIMER2B_IRQHandler              
00003119  TIMER3A_IRQHandler              
00003119  TIMER3B_IRQHandler              
00003119  TIMER4A_IRQHandler              
00003119  TIMER4B_IRQHandler              
00003119  TIMER5A_IRQHandler              
00003119  TIMER5B_IRQHandler              
00003119  TIMER6A_IRQHandler              
00003119  TIMER6B_IRQHandler              
00003119  TIMER7A_IRQHandler              
00003119  TIMER7B_IRQHandler              
00003119  UART0_IRQHandler                
00003119  UART1_IRQHandler                
00003119  UART2_IRQHandler                
00003119  UART3_IRQHandler                
00003119  UART4_IRQHandler                
00003119  UART5_IRQHandler                
00003119  UART6_IRQHandler                
00003119  UART7_IRQHandler                
00003119  UDMAERR_IRQHandler              
00003119  UDMA_IRQHandler                 
00003119  USB0_IRQHandler                 
00003119  UsageFault_Handler              
00003119  WATCHDOG_IRQHandler             
0000311d  SysTickValueGet                 
00003129  __TI_zero_init                  
00003135  __aeabi_errno_addr              
0000313d  _system_pre_init                
00003141  C$$EXIT                         
00003141  abort                           
00003144  twiddleCoef_1024_q15            
00003d44  armBitRevIndexTable_fixed_1024  
00004720  arm_cfft_sR_q15_len1024         
00004758  __TI_Handler_Table_Base         
00004764  __TI_Handler_Table_Limit        
00004778  __TI_CINIT_Base                 
00004788  __TI_CINIT_Limit                
00020000  __STACK_SIZE                    
20000000  __stack                         
20000000  __start___llvm_prf_cnts         
20000000  __stop___llvm_prf_cnts          
20000200  __STACK_TOP                     
20020000  __STACK_END                     
20020000  dstBufferA                      
20021000  dstBufferB                      
20022000  fftOutput                       
20023000  pui8ControlTable                
20023400  setFFTmaxFreqIndex              
20023404  systemClock                     
20023408  g_ui32Base                      
2002340d  setBufAReady                    
2002340e  setBufBReady                    
20023410  errno                           
20023414  SystemCoreClock                 
20023418  usedDmaCh                       
ffffffff  __TI_pprof_out_hndl             
ffffffff  __TI_prof_data_size             
ffffffff  __TI_prof_data_start            
ffffffff  __binit__                       
ffffffff  __c_args__                      
ffffffff  binit                           
UNDEFED   __mpu_init                      
UNDEFED   _system_post_cinit              

[217 symbols]
