******************************************************************************
                  TI ARM Linker PC v20.2.5                     
******************************************************************************
>> Linked Fri May 13 15:40:43 2022

OUTPUT FILE NAME:   <waves.out>
ENTRY POINT SYMBOL: "_c_int00_noargs"  address: 00002495


MEMORY CONFIGURATION

         name            origin    length      used     unused   attr    fill
----------------------  --------  ---------  --------  --------  ----  --------
  FLASH                 00000000   00100000  00003c7c  000fc384  R  X
  SRAM                  20000000   00040000  00023414  0001cbec  RW X


SEGMENT ALLOCATION MAP

run origin  load origin   length   init length attrs members
----------  ----------- ---------- ----------- ----- -------
00000000    00000000    00003c80   00003c80    r-x
  00000000    00000000    00000208   00000208    r-- .intvecs
  00000208    00000208    00002434   00002434    r-x .text
  0000263c    0000263c    00001610   00001610    r-- .const
  00003c50    00003c50    00000030   00000030    r-- .cinit
20000000    20000000    00023414   00000000    rw-
  20000000    20000000    00020000   00000000    rw- .stack
  20020000    20020000    00003404   00000000    rw- .bss
  20023404    20023404    00000010   00000000    rw- .data


SECTION ALLOCATION MAP

 output                                  attributes/
section   page    origin      length       input sections
--------  ----  ----------  ----------   ----------------
.intvecs   0    00000000    00000208     
                  00000000    00000208     startup_msp432e401y_ccs.obj (.intvecs:retain)

.text      0    00000208    00002434     
                  00000208    000004dc     uartstdio.obj (.text)
                  000006e4    000004b6     arm_cortexM4lf_math.a : arm_cfft_radix4_q15.o (.text:arm_radix4_butterfly_inverse_q15)
                  00000b9a    00000002     rtsv7M4_T_le_v4SPD16_eabi.lib : div0.asm.obj (.text)
                  00000b9c    000004b6     arm_cortexM4lf_math.a : arm_cfft_radix4_q15.o (.text:arm_radix4_butterfly_q15)
                  00001052    00000002     --HOLE-- [fill = 0]
                  00001054    000002e0     msp432e4_driverlib.a : sysctl.o (.text:SysCtlClockFreqSet)
                  00001334    00000284     adc.obj (.text)
                  000015b8    0000023a     msp432e4_driverlib.a : gpio.o (.text:GPIOPadConfigSet)
                  000017f2    00000002     --HOLE-- [fill = 0]
                  000017f4    00000190     arm_cortexM4lf_math.a : arm_cfft_q15.o (.text:arm_cfft_radix4by2_inverse_q15)
                  00001984    00000190                           : arm_cfft_q15.o (.text:arm_cfft_radix4by2_q15)
                  00001b14    0000011c     system_msp432e401y.obj (.text)
                  00001c30    000000f0     waves.obj (.text)
                  00001d20    000000ee     msp432e4_driverlib.a : adc.o (.text:ADCSequenceStepConfigure)
                  00001e0e    000000e8     arm_cortexM4lf_math.a : arm_cfft_q15.o (.text:arm_cfft_q15)
                  00001ef6    000000c0                           : arm_bitreversal2.o (.text)
                  00001fb6    00000002     --HOLE-- [fill = 0]
                  00001fb8    000000a0     gpio.obj (.text)
                  00002058    0000009c     rtsv7M4_T_le_v4SPD16_eabi.lib : memcpy_t2.asm.obj (.text)
                  000020f4    00000090     msp432e4_driverlib.a : sysctl.o (.text:_SysCtlFrequencyGet)
                  00002184    0000007a     rtsv7M4_T_le_v4SPD16_eabi.lib : memset_t2.asm.obj (.text)
                  000021fe    00000068                                   : copy_decompress_lzss.c.obj (.text:decompress:lzss:__TI_decompress_lzss)
                  00002266    00000002     --HOLE-- [fill = 0]
                  00002268    00000068     uart.obj (.text)
                  000022d0    00000060     msp432e4_driverlib.a : timer.o (.text:TimerControlTrigger)
                  00002330    00000058     systemClock.obj (.text)
                  00002388    00000044     msp432e4_driverlib.a : sysctl.o (.text:SysCtlPeripheralReady)
                  000023cc    00000044                          : sysctl.o (.text:_SysCtlMemTimingGet)
                  00002410    00000044     rtsv7M4_T_le_v4SPD16_eabi.lib : autoinit.c.obj (.text:__TI_auto_init_nobinit_nopinit:__TI_auto_init_nobinit_nopinit)
                  00002454    00000040                                   : u_divt2.asm.obj (.text)
                  00002494    00000034                                   : boot_cortex_m.c.obj (.text:_c_int00_noargs:_c_int00_noargs)
                  000024c8    00000034     main.obj (.text)
                  000024fc    00000028     rtsv7M4_T_le_v4SPD16_eabi.lib : e_sqrtf.c.obj (.text:sqrtf)
                  00002524    00000022     arm_cortexM4lf_math.a : arm_cfft_q15.o (.text:write_q15x2_ia)
                  00002546    00000022                           : arm_cfft_radix4_q15.o (.text:write_q15x2_ia)
                  00002568    0000001e                           : arm_cfft_q15.o (.text:read_q15x2_ia)
                  00002586    0000001e                           : arm_cfft_radix4_q15.o (.text:read_q15x2_ia)
                  000025a4    00000018                           : arm_cfft_radix4_q15.o (.text:write_q15x2)
                  000025bc    00000014                           : arm_cfft_q15.o (.text:read_q15x2)
                  000025d0    00000014                           : arm_cfft_radix4_q15.o (.text:read_q15x2)
                  000025e4    00000012     msp432e4_driverlib.a : adc.o (.text:ADCIntClearEx)
                  000025f6    0000000e     rtsv7M4_T_le_v4SPD16_eabi.lib : copy_decompress_none.c.obj (.text:decompress:none:__TI_decompress_none)
                  00002604    0000000e     startup_msp432e401y_ccs.obj (.text)
                  00002612    00000002     --HOLE-- [fill = 0]
                  00002614    0000000c     msp432e4_driverlib.a : systick.o (.text:SysTickValueGet)
                  00002620    0000000c     rtsv7M4_T_le_v4SPD16_eabi.lib : copy_zero_init.c.obj (.text:decompress:ZI:__TI_zero_init)
                  0000262c    00000008                                   : errno.c.obj (.text:__aeabi_errno_addr)
                  00002634    00000004                                   : pre_init.c.obj (.text:_system_pre_init)
                  00002638    00000004                                   : exit.c.obj (.text:abort:abort)

.const     0    0000263c    00001610     
                  0000263c    00000c00     arm_cortexM4lf_math.a : arm_common_tables.o (.const:twiddleCoef_1024_q15)
                  0000323c    000007c0                           : arm_common_tables.o (.const:armBitRevIndexTable_fixed_1024)
                  000039fc    000001b0     msp432e4_driverlib.a : sysctl.o (.const:g_pppui32XTALtoVCO)
                  00003bac    00000030                          : sysctl.o (.const:g_sXTALtoMEMTIM)
                  00003bdc    00000028                          : sysctl.o (.const:g_pui32Xtals)
                  00003c04    00000012     uartstdio.obj (.const:.string)
                  00003c16    00000002     --HOLE-- [fill = 0]
                  00003c18    00000010     arm_cortexM4lf_math.a : arm_const_structs.o (.const:arm_cfft_sR_q15_len1024)
                  00003c28    0000000c     uartstdio.obj (.const:g_ui32UARTBase)
                  00003c34    0000000c     uartstdio.obj (.const:g_ui32UARTPeriph)
                  00003c40    00000008     msp432e4_driverlib.a : sysctl.o (.const:g_pui32VCOFrequencies)
                  00003c48    00000004     uartstdio.obj (.const)

.cinit     0    00003c50    00000030     
                  00003c50    0000000c     (__TI_handler_table)
                  00003c5c    0000000a     (.cinit..data.load) [load image, compression = lzss]
                  00003c66    00000002     --HOLE-- [fill = 0]
                  00003c68    00000008     (.cinit..bss.load) [load image, compression = zero_init]
                  00003c70    00000010     (__TI_cinit_table)

.init_array 
*          0    00000000    00000000     UNINITIALIZED

.bss       0    20020000    00003404     UNINITIALIZED
                  20020000    00001000     (.common:dstBufferA)
                  20021000    00001000     (.common:dstBufferB)
                  20022000    00001000     (.common:magBuffer)
                  20023000    00000400     (.common:pui8ControlTable)
                  20023400    00000004     (.common:systemClock)

.data      0    20023404    00000010     UNINITIALIZED
                  20023404    00000005     uartstdio.obj (.data)
                  20023409    00000002     adc.obj (.data)
                  2002340b    00000001     --HOLE--
                  2002340c    00000004     rtsv7M4_T_le_v4SPD16_eabi.lib : errno.c.obj (.data)
                  20023410    00000004     system_msp432e401y.obj (.data)

.stack     0    20000000    00020000     UNINITIALIZED
                  20000000    00000004     rtsv7M4_T_le_v4SPD16_eabi.lib : boot_cortex_m.c.obj (.stack)
                  20000004    0001fffc     --HOLE--

__llvm_prf_cnts 
*          0    20000000    00000000     UNINITIALIZED

MODULE SUMMARY

       Module                        code   ro data   rw data
       ------                        ----   -------   -------
    .\ccs\
       startup_msp432e401y_ccs.obj   14     520       0      
       system_msp432e401y.obj        284    0         4      
    +--+-----------------------------+------+---------+---------+
       Total:                        298    520       4      
                                                             
    .\src\
       adc.obj                       644    0         9218   
       waves.obj                     240    0         4096   
       uartstdio.obj                 1244   46        5      
       gpio.obj                      160    0         0      
       uart.obj                      104    0         0      
       systemClock.obj               88     0         4      
       main.obj                      52     0         0      
    +--+-----------------------------+------+---------+---------+
       Total:                        2532   46        13323  
                                                             
    C:/ti/simplelink_msp432e4_sdk_4_20_00_12/source/third_party/CMSIS/DSP_Lib/lib/ccs/m4f/arm_cortexM4lf_math.a
       arm_common_tables.o           0      5056      0      
       arm_cfft_radix4_q15.o         2520   0         0      
       arm_cfft_q15.o                1116   0         0      
       arm_bitreversal2.o            192    0         0      
       arm_const_structs.o           0      16        0      
    +--+-----------------------------+------+---------+---------+
       Total:                        3828   5072      0      
                                                             
    C:/ti/simplelink_msp432e4_sdk_4_20_00_12/source/ti/devices/msp432e4/driverlib/lib/ccs/m4f/msp432e4_driverlib.a
       sysctl.o                      1016   528       0      
       gpio.o                        570    0         0      
       adc.o                         256    0         0      
       timer.o                       96     0         0      
       systick.o                     12     0         0      
    +--+-----------------------------+------+---------+---------+
       Total:                        1950   528       0      
                                                             
    C:\ti\ccs1100\ccs\tools\compiler\ti-cgt-arm_20.2.5.LTS\lib\rtsv7M4_T_le_v4SPD16_eabi.lib
       memcpy_t2.asm.obj             156    0         0      
       memset_t2.asm.obj             122    0         0      
       copy_decompress_lzss.c.obj    104    0         0      
       autoinit.c.obj                68     0         0      
       u_divt2.asm.obj               64     0         0      
       boot_cortex_m.c.obj           52     0         0      
       e_sqrtf.c.obj                 40     0         0      
       copy_decompress_none.c.obj    14     0         0      
       copy_zero_init.c.obj          12     0         0      
       errno.c.obj                   8      0         4      
       exit.c.obj                    4      0         0      
       pre_init.c.obj                4      0         0      
       div0.asm.obj                  2      0         0      
    +--+-----------------------------+------+---------+---------+
       Total:                        650    0         4      
                                                             
       Stack:                        0      0         131072 
       Linker Generated:             0      46        0      
    +--+-----------------------------+------+---------+---------+
       Grand Total:                  9258   6212      144403 


LINKER GENERATED COPY TABLES

__TI_cinit_table @ 00003c70 records: 2, size/record: 8, table size: 16
	.data: load addr=00003c5c, load size=0000000a bytes, run addr=20023404, run size=00000010 bytes, compression=lzss
	.bss: load addr=00003c68, load size=00000008 bytes, run addr=20020000, run size=00003404 bytes, compression=zero_init


LINKER GENERATED HANDLER TABLE

__TI_handler_table @ 00003c50 records: 3, size/record: 4, table size: 12
	index: 0, handler: __TI_decompress_lzss
	index: 1, handler: __TI_decompress_none
	index: 2, handler: __TI_zero_init


GLOBAL SYMBOLS: SORTED ALPHABETICALLY BY Name 

address   name                            
-------   ----                            
00002611  ADC0SS0_IRQHandler              
00002611  ADC0SS1_IRQHandler              
000014ff  ADC0SS2_IRQHandler              
000014ff  ADC0SS2_IRQHandler              
00002611  ADC0SS3_IRQHandler              
00002611  ADC1SS0_IRQHandler              
00002611  ADC1SS1_IRQHandler              
00002611  ADC1SS2_IRQHandler              
00002611  ADC1SS3_IRQHandler              
000025e5  ADCIntClearEx                   
00001d21  ADCSequenceStepConfigure        
00002611  AES0_IRQHandler                 
00002611  BusFault_Handler                
00002639  C$$EXIT                         
00002611  CAN0_IRQHandler                 
00002611  CAN1_IRQHandler                 
00002611  COMP0_IRQHandler                
00002611  COMP1_IRQHandler                
00002611  COMP2_IRQHandler                
00002269  ConfigureUART                   
00002611  DES0_IRQHandler                 
00002611  DebugMon_Handler                
00002611  Default_Handler                 
00002611  EMAC0_IRQHandler                
00002611  EPI0_IRQHandler                 
00002611  FLASH_IRQHandler                
00002611  GPIOA_IRQHandler                
00002611  GPIOB_IRQHandler                
00002611  GPIOC_IRQHandler                
00002611  GPIOD_IRQHandler                
00002611  GPIOE_IRQHandler                
00002611  GPIOF_IRQHandler                
00002611  GPIOG_IRQHandler                
00002611  GPIOH_IRQHandler                
00002611  GPIOJ_IRQHandler                
00002611  GPIOK_IRQHandler                
00002611  GPIOL_IRQHandler                
00002611  GPIOM_IRQHandler                
00002611  GPION_IRQHandler                
00002611  GPIOP0_IRQHandler               
00002611  GPIOP1_IRQHandler               
00002611  GPIOP2_IRQHandler               
00002611  GPIOP3_IRQHandler               
00002611  GPIOP4_IRQHandler               
00002611  GPIOP5_IRQHandler               
00002611  GPIOP6_IRQHandler               
00002611  GPIOP7_IRQHandler               
000015b9  GPIOPadConfigSet                
00002611  GPIOQ0_IRQHandler               
00002611  GPIOQ1_IRQHandler               
00002611  GPIOQ2_IRQHandler               
00002611  GPIOQ3_IRQHandler               
00002611  GPIOQ4_IRQHandler               
00002611  GPIOQ5_IRQHandler               
00002611  GPIOQ6_IRQHandler               
00002611  GPIOQ7_IRQHandler               
00002611  HIBERNATE_IRQHandler            
00002611  HardFault_Handler               
00002611  I2C0_IRQHandler                 
00002611  I2C1_IRQHandler                 
00002611  I2C2_IRQHandler                 
00002611  I2C3_IRQHandler                 
00002611  I2C4_IRQHandler                 
00002611  I2C5_IRQHandler                 
00002611  I2C6_IRQHandler                 
00002611  I2C7_IRQHandler                 
00002611  I2C8_IRQHandler                 
00002611  I2C9_IRQHandler                 
00002611  MemManage_Handler               
00002611  NMI_Handler                     
00002611  PWM0_0_IRQHandler               
00002611  PWM0_1_IRQHandler               
00002611  PWM0_2_IRQHandler               
00002611  PWM0_3_IRQHandler               
00002611  PWM0_FAULT_IRQHandler           
00002611  PendSV_Handler                  
00002611  QEI0_IRQHandler                 
00002605  Reset_Handler                   
00002611  SHA0_IRQHandler                 
00002611  SSI0_IRQHandler                 
00002611  SSI1_IRQHandler                 
00002611  SSI2_IRQHandler                 
00002611  SSI3_IRQHandler                 
00002611  SVC_Handler                     
00002611  SYSCTL_IRQHandler               
00002611  SYSEXC_IRQHandler               
00001055  SysCtlClockFreqSet              
00002389  SysCtlPeripheralReady           
00002615  SysTickValueGet                 
00002611  SysTick_Handler                 
20023410  SystemCoreClock                 
00001b15  SystemCoreClockUpdate           
00001c03  SystemInit                      
00002611  TAMPER0_IRQHandler              
00002611  TIMER0A_IRQHandler              
00002611  TIMER0B_IRQHandler              
00002611  TIMER1A_IRQHandler              
00002611  TIMER1B_IRQHandler              
00002611  TIMER2A_IRQHandler              
00002611  TIMER2B_IRQHandler              
00002611  TIMER3A_IRQHandler              
00002611  TIMER3B_IRQHandler              
00002611  TIMER4A_IRQHandler              
00002611  TIMER4B_IRQHandler              
00002611  TIMER5A_IRQHandler              
00002611  TIMER5B_IRQHandler              
00002611  TIMER6A_IRQHandler              
00002611  TIMER6B_IRQHandler              
00002611  TIMER7A_IRQHandler              
00002611  TIMER7B_IRQHandler              
000022d1  TimerControlTrigger             
00002611  UART0_IRQHandler                
00002611  UART1_IRQHandler                
00002611  UART2_IRQHandler                
00002611  UART3_IRQHandler                
00002611  UART4_IRQHandler                
00002611  UART5_IRQHandler                
00002611  UART6_IRQHandler                
00002611  UART7_IRQHandler                
00000209  UARTStdioConfig                 
00000381  UARTgetc                        
000002bb  UARTgets                        
000006af  UARTprintf                      
000003b5  UARTvprintf                     
00000269  UARTwrite                       
00002611  UDMAERR_IRQHandler              
00002611  UDMA_IRQHandler                 
00002611  USB0_IRQHandler                 
00002611  UsageFault_Handler              
00002611  WATCHDOG_IRQHandler             
20020000  __STACK_END                     
00020000  __STACK_SIZE                    
20000200  __STACK_TOP                     
00003c70  __TI_CINIT_Base                 
00003c80  __TI_CINIT_Limit                
00003c50  __TI_Handler_Table_Base         
00003c5c  __TI_Handler_Table_Limit        
00002411  __TI_auto_init_nobinit_nopinit  
000021ff  __TI_decompress_lzss            
000025f7  __TI_decompress_none            
ffffffff  __TI_pprof_out_hndl             
ffffffff  __TI_prof_data_size             
ffffffff  __TI_prof_data_start            
00000000  __TI_static_base__              
00002621  __TI_zero_init                  
0000262d  __aeabi_errno_addr              
00000b9b  __aeabi_idiv0                   
00000b9b  __aeabi_ldiv0                   
00002185  __aeabi_memclr                  
00002185  __aeabi_memclr4                 
00002185  __aeabi_memclr8                 
00002059  __aeabi_memcpy                  
00002059  __aeabi_memcpy4                 
00002059  __aeabi_memcpy8                 
00002187  __aeabi_memset                  
00002187  __aeabi_memset4                 
00002187  __aeabi_memset8                 
00002455  __aeabi_uidiv                   
00002455  __aeabi_uidivmod                
ffffffff  __binit__                       
ffffffff  __c_args__                      
UNDEFED   __mpu_init                      
20000000  __stack                         
20000000  __start___llvm_prf_cnts         
20000000  __stop___llvm_prf_cnts          
00002495  _c_int00_noargs                 
UNDEFED   _system_post_cinit              
00002635  _system_pre_init                
00002639  abort                           
0000144d  adc_with_uDMA_init              
0000323c  armBitRevIndexTable_fixed_1024  
00001f61  arm_bitreversal_16              
00001ef7  arm_bitreversal_32              
00001e0f  arm_cfft_q15                    
000017f5  arm_cfft_radix4by2_inverse_q15  
00001985  arm_cfft_radix4by2_q15          
00003c18  arm_cfft_sR_q15_len1024         
000006e5  arm_radix4_butterfly_inverse_q15
00000b9d  arm_radix4_butterfly_q15        
ffffffff  binit                           
00002039  btnPressedEvent                 
0000235f  delay                           
20020000  dstBufferA                      
20021000  dstBufferB                      
2002340c  errno                           
20023404  g_ui32Base                      
00001fb9  gpioInit                        
00000000  interruptVectors                
00001fed  isBtnPressed                    
20022000  magBuffer                       
000024c9  main                            
00002059  memcpy                          
0000218d  memset                          
20023000  pui8ControlTable                
20023409  setBufAReady                    
2002340a  setBufBReady                    
000024fd  sqrtf                           
20023400  systemClock                     
00002331  systemClock_init                
000013df  timer0_for_adc_init             
00001c65  transfrom_waves                 
0000263c  twiddleCoef_1024_q15            
00001335  uMDA_for_adc_init               


GLOBAL SYMBOLS: SORTED BY Symbol Address 

address   name                            
-------   ----                            
00000000  __TI_static_base__              
00000000  interruptVectors                
00000209  UARTStdioConfig                 
00000269  UARTwrite                       
000002bb  UARTgets                        
00000381  UARTgetc                        
000003b5  UARTvprintf                     
000006af  UARTprintf                      
000006e5  arm_radix4_butterfly_inverse_q15
00000b9b  __aeabi_idiv0                   
00000b9b  __aeabi_ldiv0                   
00000b9d  arm_radix4_butterfly_q15        
00001055  SysCtlClockFreqSet              
00001335  uMDA_for_adc_init               
000013df  timer0_for_adc_init             
0000144d  adc_with_uDMA_init              
000014ff  ADC0SS2_IRQHandler              
000014ff  ADC0SS2_IRQHandler              
000015b9  GPIOPadConfigSet                
000017f5  arm_cfft_radix4by2_inverse_q15  
00001985  arm_cfft_radix4by2_q15          
00001b15  SystemCoreClockUpdate           
00001c03  SystemInit                      
00001c65  transfrom_waves                 
00001d21  ADCSequenceStepConfigure        
00001e0f  arm_cfft_q15                    
00001ef7  arm_bitreversal_32              
00001f61  arm_bitreversal_16              
00001fb9  gpioInit                        
00001fed  isBtnPressed                    
00002039  btnPressedEvent                 
00002059  __aeabi_memcpy                  
00002059  __aeabi_memcpy4                 
00002059  __aeabi_memcpy8                 
00002059  memcpy                          
00002185  __aeabi_memclr                  
00002185  __aeabi_memclr4                 
00002185  __aeabi_memclr8                 
00002187  __aeabi_memset                  
00002187  __aeabi_memset4                 
00002187  __aeabi_memset8                 
0000218d  memset                          
000021ff  __TI_decompress_lzss            
00002269  ConfigureUART                   
000022d1  TimerControlTrigger             
00002331  systemClock_init                
0000235f  delay                           
00002389  SysCtlPeripheralReady           
00002411  __TI_auto_init_nobinit_nopinit  
00002455  __aeabi_uidiv                   
00002455  __aeabi_uidivmod                
00002495  _c_int00_noargs                 
000024c9  main                            
000024fd  sqrtf                           
000025e5  ADCIntClearEx                   
000025f7  __TI_decompress_none            
00002605  Reset_Handler                   
00002611  ADC0SS0_IRQHandler              
00002611  ADC0SS1_IRQHandler              
00002611  ADC0SS3_IRQHandler              
00002611  ADC1SS0_IRQHandler              
00002611  ADC1SS1_IRQHandler              
00002611  ADC1SS2_IRQHandler              
00002611  ADC1SS3_IRQHandler              
00002611  AES0_IRQHandler                 
00002611  BusFault_Handler                
00002611  CAN0_IRQHandler                 
00002611  CAN1_IRQHandler                 
00002611  COMP0_IRQHandler                
00002611  COMP1_IRQHandler                
00002611  COMP2_IRQHandler                
00002611  DES0_IRQHandler                 
00002611  DebugMon_Handler                
00002611  Default_Handler                 
00002611  EMAC0_IRQHandler                
00002611  EPI0_IRQHandler                 
00002611  FLASH_IRQHandler                
00002611  GPIOA_IRQHandler                
00002611  GPIOB_IRQHandler                
00002611  GPIOC_IRQHandler                
00002611  GPIOD_IRQHandler                
00002611  GPIOE_IRQHandler                
00002611  GPIOF_IRQHandler                
00002611  GPIOG_IRQHandler                
00002611  GPIOH_IRQHandler                
00002611  GPIOJ_IRQHandler                
00002611  GPIOK_IRQHandler                
00002611  GPIOL_IRQHandler                
00002611  GPIOM_IRQHandler                
00002611  GPION_IRQHandler                
00002611  GPIOP0_IRQHandler               
00002611  GPIOP1_IRQHandler               
00002611  GPIOP2_IRQHandler               
00002611  GPIOP3_IRQHandler               
00002611  GPIOP4_IRQHandler               
00002611  GPIOP5_IRQHandler               
00002611  GPIOP6_IRQHandler               
00002611  GPIOP7_IRQHandler               
00002611  GPIOQ0_IRQHandler               
00002611  GPIOQ1_IRQHandler               
00002611  GPIOQ2_IRQHandler               
00002611  GPIOQ3_IRQHandler               
00002611  GPIOQ4_IRQHandler               
00002611  GPIOQ5_IRQHandler               
00002611  GPIOQ6_IRQHandler               
00002611  GPIOQ7_IRQHandler               
00002611  HIBERNATE_IRQHandler            
00002611  HardFault_Handler               
00002611  I2C0_IRQHandler                 
00002611  I2C1_IRQHandler                 
00002611  I2C2_IRQHandler                 
00002611  I2C3_IRQHandler                 
00002611  I2C4_IRQHandler                 
00002611  I2C5_IRQHandler                 
00002611  I2C6_IRQHandler                 
00002611  I2C7_IRQHandler                 
00002611  I2C8_IRQHandler                 
00002611  I2C9_IRQHandler                 
00002611  MemManage_Handler               
00002611  NMI_Handler                     
00002611  PWM0_0_IRQHandler               
00002611  PWM0_1_IRQHandler               
00002611  PWM0_2_IRQHandler               
00002611  PWM0_3_IRQHandler               
00002611  PWM0_FAULT_IRQHandler           
00002611  PendSV_Handler                  
00002611  QEI0_IRQHandler                 
00002611  SHA0_IRQHandler                 
00002611  SSI0_IRQHandler                 
00002611  SSI1_IRQHandler                 
00002611  SSI2_IRQHandler                 
00002611  SSI3_IRQHandler                 
00002611  SVC_Handler                     
00002611  SYSCTL_IRQHandler               
00002611  SYSEXC_IRQHandler               
00002611  SysTick_Handler                 
00002611  TAMPER0_IRQHandler              
00002611  TIMER0A_IRQHandler              
00002611  TIMER0B_IRQHandler              
00002611  TIMER1A_IRQHandler              
00002611  TIMER1B_IRQHandler              
00002611  TIMER2A_IRQHandler              
00002611  TIMER2B_IRQHandler              
00002611  TIMER3A_IRQHandler              
00002611  TIMER3B_IRQHandler              
00002611  TIMER4A_IRQHandler              
00002611  TIMER4B_IRQHandler              
00002611  TIMER5A_IRQHandler              
00002611  TIMER5B_IRQHandler              
00002611  TIMER6A_IRQHandler              
00002611  TIMER6B_IRQHandler              
00002611  TIMER7A_IRQHandler              
00002611  TIMER7B_IRQHandler              
00002611  UART0_IRQHandler                
00002611  UART1_IRQHandler                
00002611  UART2_IRQHandler                
00002611  UART3_IRQHandler                
00002611  UART4_IRQHandler                
00002611  UART5_IRQHandler                
00002611  UART6_IRQHandler                
00002611  UART7_IRQHandler                
00002611  UDMAERR_IRQHandler              
00002611  UDMA_IRQHandler                 
00002611  USB0_IRQHandler                 
00002611  UsageFault_Handler              
00002611  WATCHDOG_IRQHandler             
00002615  SysTickValueGet                 
00002621  __TI_zero_init                  
0000262d  __aeabi_errno_addr              
00002635  _system_pre_init                
00002639  C$$EXIT                         
00002639  abort                           
0000263c  twiddleCoef_1024_q15            
0000323c  armBitRevIndexTable_fixed_1024  
00003c18  arm_cfft_sR_q15_len1024         
00003c50  __TI_Handler_Table_Base         
00003c5c  __TI_Handler_Table_Limit        
00003c70  __TI_CINIT_Base                 
00003c80  __TI_CINIT_Limit                
00020000  __STACK_SIZE                    
20000000  __stack                         
20000000  __start___llvm_prf_cnts         
20000000  __stop___llvm_prf_cnts          
20000200  __STACK_TOP                     
20020000  __STACK_END                     
20020000  dstBufferA                      
20021000  dstBufferB                      
20022000  magBuffer                       
20023000  pui8ControlTable                
20023400  systemClock                     
20023404  g_ui32Base                      
20023409  setBufAReady                    
2002340a  setBufBReady                    
2002340c  errno                           
20023410  SystemCoreClock                 
ffffffff  __TI_pprof_out_hndl             
ffffffff  __TI_prof_data_size             
ffffffff  __TI_prof_data_start            
ffffffff  __binit__                       
ffffffff  __c_args__                      
ffffffff  binit                           
UNDEFED   __mpu_init                      
UNDEFED   _system_post_cinit              

[203 symbols]
